<?xml version="1.0" encoding="utf-8"?>
<TestRun id="23fc2651-8c55-4fa2-9885-416fcd58b3d2" name="@d71188ba1e2e 2026-09-17 14:59:48" xmlns="http://microsoft.com/schemas/VisualStudio/TeamTest/2010">
  <Times creation="2026-09-17T14:59:48.2909825+00:00" queuing="2026-09-17T14:59:48.2909828+00:00" start="2026-09-17T14:59:42.6640025+00:00" finish="2026-09-17T15:00:03.4448689+00:00" />
  <TestSettings name="default" id="a6db475e-0e14-4054-8b52-9a4682455858">
    <Deployment runDeploymentRoot="_d71188ba1e2e_2026-09-17_14_59_48" />
  </TestSettings>
  <Results>
    <UnitTestResult executionId="d9dcc92c-8cd2-4604-8e0f-843819109a94" testId="3bd19bc9-1a29-1f0b-9b63-4678b5b281c2" testName="InferenceWeb.Tests.ModelLoadRefusalTests.Refusals_AreClassifiedWithTheirMessage(refusal: System.IO.IOException: model.gguf is incomplete: re-download this file.)" computerName="d71188ba1e2e" duration="00:00:00.0001183" startTime="2026-09-17T15:00:03.2104754+00:00" endTime="2026-09-17T15:00:03.2106958+00:00" testType="13cdc9d9-ddb5-4fa4-a97d-d965ccfc6d4b" outcome="Passed" testListId="8c84fa94-04c1-424b-9868-57a2d4851a1d" relativeResultsDirectory="d9dcc92c-8cd2-4604-8e0f-843819109a94" />
    <UnitTestResult executionId="1c2ea21d-2e8c-4b6f-be1b-7d8307c98c56" testId="5287e8f7-a0b7-7929-226f-ae15aa5bff61" testName="InferenceWeb.Tests.ModelLoadRefusalTests.UnexpectedFailure_KeepsItsStackTraceAtError" computerName="d71188ba1e2e" duration="00:00:00.0030105" startTime="2026-09-17T15:00:03.2162019+00:00" endTime="2026-09-17T15:00:03.2186872+00:00" testType="13cdc9d9-ddb5-4fa4-a97d-d965ccfc6d4b" outcome="Passed" testListId="8c84fa94-04c1-424b-9868-57a2d4851a1d" relativeResultsDirectory="1c2ea21d-2e8c-4b6f-be1b-7d8307c98c56" />
    <UnitTestResult executionId="90ced960-de74-4d6b-8a52-2008a3bd2ca1" testId="3bd19bc9-1a29-1f0b-9b63-4678b5b281c2" testName="InferenceWeb.Tests.ModelLoadRefusalTests.Refusals_AreClassifiedWithTheirMessage(refusal: TensorSharp.Runtime.ModelLoadRefusedException: [dsv4] not enough VRAM: re-run with --n-cpu-moe 2)" computerName="d71188ba1e2e" duration="00:00:00.0003793" startTime="2026-09-17T15:00:03.2069678+00:00" endTime="2026-09-17T15:00:03.2072402+00:00" testType="13cdc9d9-ddb5-4fa4-a97d-d965ccfc6d4b" outcome="Passed" testListId="8c84fa94-04c1-424b-9868-57a2d4851a1d" relativeResultsDirectory="90ced960-de74-4d6b-8a52-2008a3bd2ca1" />
    <UnitTestResult executionId="12aca49e-79c8-41fc-8be4-248b8b84bb32" testId="c6d1e577-7ef9-e8bd-ee01-060aef8d70ab" testName="InferenceWeb.Tests.ModelLoadRefusalTests.ReportRefusal_ReleasesFirst_ThenWritesOneLine_AndReturnsTheRefusalCode" computerName="d71188ba1e2e" duration="00:00:00.0131218" startTime="2026-09-17T15:00:03.1602801+00:00" endTime="2026-09-17T15:00:03.1732033+00:00" testType="13cdc9d9-ddb5-4fa4-a97d-d965ccfc6d4b" outcome="Passed" testListId="8c84fa94-04c1-424b-9868-57a2d4851a1d" relativeResultsDirectory="12aca49e-79c8-41fc-8be4-248b8b84bb32" />
    <UnitTestResult executionId="ec2d8b40-43cd-46bf-9432-d9e043f8eb22" testId="7bcff8d6-c032-ce53-e433-6c8c9c959a92" testName="InferenceWeb.Tests.ModelLoadRefusalTests.ExitCodes_AreTheDocumentedNumbers" computerName="d71188ba1e2e" duration="00:00:00.0003231" startTime="2026-09-17T15:00:03.2198026+00:00" endTime="2026-09-17T15:00:03.2199568+00:00" testType="13cdc9d9-ddb5-4fa4-a97d-d965ccfc6d4b" outcome="Passed" testListId="8c84fa94-04c1-424b-9868-57a2d4851a1d" relativeResultsDirectory="ec2d8b40-43cd-46bf-9432-d9e043f8eb22" />
    <UnitTestResult executionId="3e43192f-9733-41a6-9c33-6a5b89943de9" testId="924c9cd8-af41-3572-4327-ddf9176d9cd1" testName="InferenceWeb.Tests.ModelLoadRefusalTests.HostedModelReload_Refused_ReturnsAnErrorAndKeepsServing" computerName="d71188ba1e2e" duration="00:00:00.0021503" startTime="2026-09-17T15:00:03.1985259+00:00" endTime="2026-09-17T15:00:03.2003396+00:00" testType="13cdc9d9-ddb5-4fa4-a97d-d965ccfc6d4b" outcome="Passed" testListId="8c84fa94-04c1-424b-9868-57a2d4851a1d" relativeResultsDirectory="3e43192f-9733-41a6-9c33-6a5b89943de9" />
    <UnitTestResult executionId="bea11d0b-cdb7-4753-ace1-0f73fbfab5ec" testId="1f50c935-b100-e37c-301c-05a9d9939852" testName="InferenceWeb.Tests.ModelLoadRefusalTests.Refusal_ReleasesTheTensorParallelGroupBuiltForIt" computerName="d71188ba1e2e" duration="00:00:00.0015284" startTime="2026-09-17T15:00:03.2249927+00:00" endTime="2026-09-17T15:00:03.2257747+00:00" testType="13cdc9d9-ddb5-4fa4-a97d-d965ccfc6d4b" outcome="Passed" testListId="8c84fa94-04c1-424b-9868-57a2d4851a1d" relativeResultsDirectory="bea11d0b-cdb7-4753-ace1-0f73fbfab5ec" />
    <UnitTestResult executionId="649ae590-dbf2-418a-88c5-e6e154e351cf" testId="8502e6db-17cf-38d8-1521-f0bfff50a677" testName="InferenceWeb.Tests.ModelLoadRefusalTests.UnexpectedExceptions_AreNotRefusals(bug: System.ArgumentOutOfRangeException: Specified argument was out of the range of valid values. (Parameter 'rank'))" computerName="d71188ba1e2e" duration="00:00:00.0000986" startTime="2026-09-17T15:00:03.2242486+00:00" endTime="2026-09-17T15:00:03.2244006+00:00" testType="13cdc9d9-ddb5-4fa4-a97d-d965ccfc6d4b" outcome="Passed" testListId="8c84fa94-04c1-424b-9868-57a2d4851a1d" relativeResultsDirectory="649ae590-dbf2-418a-88c5-e6e154e351cf" />
    <UnitTestResult executionId="df753888-069a-4d36-93a1-d8e9982f9d99" testId="f8c3f092-f33a-7206-9f5b-182d6cdda3c0" testName="InferenceWeb.Tests.ModelLoadRefusalTests.TheErrorLineIsOneLine" computerName="d71188ba1e2e" duration="00:00:00.0036065" startTime="2026-09-17T15:00:03.2135546+00:00" endTime="2026-09-17T15:00:03.2156411+00:00" testType="13cdc9d9-ddb5-4fa4-a97d-d965ccfc6d4b" outcome="Passed" testListId="8c84fa94-04c1-424b-9868-57a2d4851a1d" relativeResultsDirectory="df753888-069a-4d36-93a1-d8e9982f9d99" />
    <UnitTestResult executionId="143b553a-5ef5-4b40-bce6-d14a450634c6" testId="3bd19bc9-1a29-1f0b-9b63-4678b5b281c2" testName="InferenceWeb.Tests.ModelLoadRefusalTests.Refusals_AreClassifiedWithTheirMessage(refusal: System.UnauthorizedAccessException: Access to the path is denied.)" computerName="d71188ba1e2e" duration="00:00:00.0000837" startTime="2026-09-17T15:00:03.2113516+00:00" endTime="2026-09-17T15:00:03.2116066+00:00" testType="13cdc9d9-ddb5-4fa4-a97d-d965ccfc6d4b" outcome="Passed" testListId="8c84fa94-04c1-424b-9868-57a2d4851a1d" relativeResultsDirectory="143b553a-5ef5-4b40-bce6-d14a450634c6" />
    <UnitTestResult executionId="ceff1bd0-d5f8-48a0-9b4c-81f1f3c902c9" testId="c06b5f4f-2745-88fe-47f7-e7e49fa67b0c" testName="InferenceWeb.Tests.GlmDsaNativeBatchedDecodeLayerSplitTests.BatchedDecode_MatchesPerSequenceDecode_TwoGpus" computerName="d71188ba1e2e" duration="00:00:00.4250534" startTime="2026-09-17T15:00:00.7317177+00:00" endTime="2026-09-17T15:00:01.1506663+00:00" testType="13cdc9d9-ddb5-4fa4-a97d-d965ccfc6d4b" outcome="Passed" testListId="8c84fa94-04c1-424b-9868-57a2d4851a1d" relativeResultsDirectory="ceff1bd0-d5f8-48a0-9b4c-81f1f3c902c9">
      <Output>
        <StdOut>nGpu=2: worst max|batched - serial| over 6 steps = 0</StdOut>
      </Output>
    </UnitTestResult>
    <UnitTestResult executionId="f654b588-aa07-4e58-9ee3-390d2caaa4be" testId="01c519c5-545d-784f-00a2-ae5dcbf75c6a" testName="InferenceWeb.Tests.TestGateModelPathTests.DirectorySearch_ExcludesCompanionsAndAcceptsAlternativeNames" computerName="d71188ba1e2e" duration="00:00:00.0009988" startTime="2026-09-17T14:59:48.1234738+00:00" endTime="2026-09-17T14:59:48.1236153+00:00" testType="13cdc9d9-ddb5-4fa4-a97d-d965ccfc6d4b" outcome="Passed" testListId="8c84fa94-04c1-424b-9868-57a2d4851a1d" relativeResultsDirectory="f654b588-aa07-4e58-9ee3-390d2caaa4be" />
    <UnitTestResult executionId="53963608-a442-4569-9373-a494efb0d111" testId="6ccfe8db-656a-b038-e7ef-e75d8e84d986" testName="InferenceWeb.Tests.ModelLoadRefusalTests.Refusal_IsLoggedAsItsReason_AndTheStackTraceOnlyAtDebug" computerName="d71188ba1e2e" duration="00:00:00.0019633" startTime="2026-09-17T15:00:03.2214167+00:00" endTime="2026-09-17T15:00:03.2218144+00:00" testType="13cdc9d9-ddb5-4fa4-a97d-d965ccfc6d4b" outcome="Passed" testListId="8c84fa94-04c1-424b-9868-57a2d4851a1d" relativeResultsDirectory="53963608-a442-4569-9373-a494efb0d111" />
    <UnitTestResult executionId="cd4bbd00-10ec-4a03-a219-333065d9a18e" testId="8502e6db-17cf-38d8-1521-f0bfff50a677" testName="InferenceWeb.Tests.ModelLoadRefusalTests.UnexpectedExceptions_AreNotRefusals(bug: System.IndexOutOfRangeException: Index was outside the bounds of the array.)" computerName="d71188ba1e2e" duration="00:00:00.0001059" startTime="2026-09-17T15:00:03.2238867+00:00" endTime="2026-09-17T15:00:03.2240519+00:00" testType="13cdc9d9-ddb5-4fa4-a97d-d965ccfc6d4b" outcome="Passed" testListId="8c84fa94-04c1-424b-9868-57a2d4851a1d" relativeResultsDirectory="cd4bbd00-10ec-4a03-a219-333065d9a18e" />
    <UnitTestResult executionId="20e04734-7783-414d-900b-b9398b9f0646" testId="b8e2b9cc-fb50-bf7c-3937-41ddd08f703d" testName="InferenceWeb.Tests.HostLoadRefusalProcessTests.Server_MissingModel_ExitsWithTheRefusalCodeAndOneStderrLine" computerName="d71188ba1e2e" duration="00:00:01.8829013" startTime="2026-09-17T14:59:54.3330074+00:00" endTime="2026-09-17T14:59:56.2159400+00:00" testType="13cdc9d9-ddb5-4fa4-a97d-d965ccfc6d4b" outcome="Passed" testListId="8c84fa94-04c1-424b-9868-57a2d4851a1d" relativeResultsDirectory="20e04734-7783-414d-900b-b9398b9f0646" />
    <UnitTestResult executionId="6aedfff0-ee0f-452f-bd76-c587337c629b" testId="3bd19bc9-1a29-1f0b-9b63-4678b5b281c2" testName="InferenceWeb.Tests.ModelLoadRefusalTests.Refusals_AreClassifiedWithTheirMessage(refusal: System.NotSupportedException: KV_CACHE_DTYPE=q8_0 is not supported by DeepSeek V4.1 Flash.)" computerName="d71188ba1e2e" duration="00:00:00.0005159" startTime="2026-09-17T15:00:03.2075849+00:00" endTime="2026-09-17T15:00:03.2078043+00:00" testType="13cdc9d9-ddb5-4fa4-a97d-d965ccfc6d4b" outcome="Passed" testListId="8c84fa94-04c1-424b-9868-57a2d4851a1d" relativeResultsDirectory="6aedfff0-ee0f-452f-bd76-c587337c629b" />
    <UnitTestResult executionId="81b8deb6-be0a-49af-b70c-1b6265cec85f" testId="fc4fa828-2ed3-494c-b70c-61e8a55122dc" testName="InferenceWeb.Tests.HostLoadRefusalProcessTests.Server_DebugLogLevel_StillOneStderrLine_ButTheStackTraceIsLogged" computerName="d71188ba1e2e" duration="00:00:04.6649387" startTime="2026-09-17T14:59:48.1240422+00:00" endTime="2026-09-17T14:59:52.7783209+00:00" testType="13cdc9d9-ddb5-4fa4-a97d-d965ccfc6d4b" outcome="Passed" testListId="8c84fa94-04c1-424b-9868-57a2d4851a1d" relativeResultsDirectory="81b8deb6-be0a-49af-b70c-1b6265cec85f" />
    <UnitTestResult executionId="07a0399b-e18b-48e6-8eb6-bb58251c9ffa" testId="6cf02ed7-13c7-d46a-41c2-6bce295be109" testName="InferenceWeb.Tests.ModelLoadRefusalTests.ReportRefusal_AFailedRelease_DoesNotSwallowTheRefusal" computerName="d71188ba1e2e" duration="00:00:00.0005326" startTime="2026-09-17T15:00:03.2261552+00:00" endTime="2026-09-17T15:00:03.2263695+00:00" testType="13cdc9d9-ddb5-4fa4-a97d-d965ccfc6d4b" outcome="Passed" testListId="8c84fa94-04c1-424b-9868-57a2d4851a1d" relativeResultsDirectory="07a0399b-e18b-48e6-8eb6-bb58251c9ffa" />
    <UnitTestResult executionId="41400d1e-dc60-4386-a86c-2794ebe99d85" testId="3bd19bc9-1a29-1f0b-9b63-4678b5b281c2" testName="InferenceWeb.Tests.ModelLoadRefusalTests.Refusals_AreClassifiedWithTheirMessage(refusal: System.IO.InvalidDataException: Not a GGUF file (magic: 0x20746F6E))" computerName="d71188ba1e2e" duration="00:00:00.0000882" startTime="2026-09-17T15:00:03.2109255+00:00" endTime="2026-09-17T15:00:03.2111687+00:00" testType="13cdc9d9-ddb5-4fa4-a97d-d965ccfc6d4b" outcome="Passed" testListId="8c84fa94-04c1-424b-9868-57a2d4851a1d" relativeResultsDirectory="41400d1e-dc60-4386-a86c-2794ebe99d85" />
    <UnitTestResult executionId="08b54efe-cd30-43a5-9227-26a9b6bd710f" testId="5ed651af-325f-6f8b-de8c-a6e41462c89c" testName="InferenceWeb.Tests.ModelLoadRefusalTests.ARefusedLoadExceptionIsStillAnInvalidOperationException" computerName="d71188ba1e2e" duration="00:00:00.0004607" startTime="2026-09-17T15:00:03.2192599+00:00" endTime="2026-09-17T15:00:03.2194302+00:00" testType="13cdc9d9-ddb5-4fa4-a97d-d965ccfc6d4b" outcome="Passed" testListId="8c84fa94-04c1-424b-9868-57a2d4851a1d" relativeResultsDirectory="08b54efe-cd30-43a5-9227-26a9b6bd710f" />
    <UnitTestResult executionId="973da113-5dc0-420d-b529-e0fcd186023e" testId="18127525-680c-ed8b-6eba-51b8c83021bd" testName="InferenceWeb.Tests.ModelLoadRefusalTests.UsagePages_DocumentEveryExitCodeAndTheErrorLine(page: &quot;USAGE.md&quot;)" computerName="d71188ba1e2e" duration="00:00:00.0647421" startTime="2026-09-17T15:00:03.0300006+00:00" endTime="2026-09-17T15:00:03.0943081+00:00" testType="13cdc9d9-ddb5-4fa4-a97d-d965ccfc6d4b" outcome="Passed" testListId="8c84fa94-04c1-424b-9868-57a2d4851a1d" relativeResultsDirectory="973da113-5dc0-420d-b529-e0fcd186023e" />
    <UnitTestResult executionId="a983f6cc-4234-4086-ab80-e7b3b3f04634" testId="8502e6db-17cf-38d8-1521-f0bfff50a677" testName="InferenceWeb.Tests.ModelLoadRefusalTests.UnexpectedExceptions_AreNotRefusals(bug: System.NullReferenceException: Object reference not set to an instance of an object.)" computerName="d71188ba1e2e" duration="00:00:00.0003607" startTime="2026-09-17T15:00:03.2236087+00:00" endTime="2026-09-17T15:00:03.2237791+00:00" testType="13cdc9d9-ddb5-4fa4-a97d-d965ccfc6d4b" outcome="Passed" testListId="8c84fa94-04c1-424b-9868-57a2d4851a1d" relativeResultsDirectory="a983f6cc-4234-4086-ab80-e7b3b3f04634" />
    <UnitTestResult executionId="d357df60-7dea-4fcb-95f0-b921b61762ca" testId="f3c8536b-320e-2918-40cd-6df821cbad9b" testName="InferenceWeb.Tests.ModelLoadRefusalTests.WebUiLoad_Refused_Is500WithTheReasonAndTheModelStillLoaded" computerName="d71188ba1e2e" duration="00:00:00.0651408" startTime="2026-09-17T15:00:03.0948883+00:00" endTime="2026-09-17T15:00:03.1597058+00:00" testType="13cdc9d9-ddb5-4fa4-a97d-d965ccfc6d4b" outcome="Passed" testListId="8c84fa94-04c1-424b-9868-57a2d4851a1d" relativeResultsDirectory="d357df60-7dea-4fcb-95f0-b921b61762ca" />
    <UnitTestResult executionId="b56ff3ee-9d5f-4c7e-a0d6-07bedc3ab7b6" testId="b68b1cca-a425-f00e-d7d3-080e0f0e85d0" testName="InferenceWeb.Tests.ModelLoadRefusalTests.StartupLoad_UnsupportedBackend_IsARefusal" computerName="d71188ba1e2e" duration="00:00:00.0012717" startTime="2026-09-17T15:00:03.2128581+00:00" endTime="2026-09-17T15:00:03.2130940+00:00" testType="13cdc9d9-ddb5-4fa4-a97d-d965ccfc6d4b" outcome="Passed" testListId="8c84fa94-04c1-424b-9868-57a2d4851a1d" relativeResultsDirectory="b56ff3ee-9d5f-4c7e-a0d6-07bedc3ab7b6" />
    <UnitTestResult executionId="e7a3d1c7-ab4b-4eba-aea1-a9acc718f249" testId="f045a280-8c90-53f6-0d46-0c5399459b93" testName="InferenceWeb.Tests.TestGateModelPathTests.ExplicitFileOverride_IsReturnedByBothLoadersWithoutTheDirectoryNameFilter" computerName="d71188ba1e2e" duration="00:00:00.0007618" startTime="2026-09-17T14:59:48.1229234+00:00" endTime="2026-09-17T14:59:48.1231034+00:00" testType="13cdc9d9-ddb5-4fa4-a97d-d965ccfc6d4b" outcome="Passed" testListId="8c84fa94-04c1-424b-9868-57a2d4851a1d" relativeResultsDirectory="e7a3d1c7-ab4b-4eba-aea1-a9acc718f249" />
    <UnitTestResult executionId="cef1b540-516f-40eb-bf39-26bc9dddf815" testId="ea32e3c2-403b-0131-1612-6b4b3c4e4dc1" testName="InferenceWeb.Tests.ModelLoadRefusalTests.HostedModelReload_UnexpectedFailure_StillPropagates" computerName="d71188ba1e2e" duration="00:00:00.0013025" startTime="2026-09-17T15:00:03.2303917+00:00" endTime="2026-09-17T15:00:03.2305940+00:00" testType="13cdc9d9-ddb5-4fa4-a97d-d965ccfc6d4b" outcome="Passed" testListId="8c84fa94-04c1-424b-9868-57a2d4851a1d" relativeResultsDirectory="cef1b540-516f-40eb-bf39-26bc9dddf815" />
    <UnitTestResult executionId="481f88b2-a856-48dd-ac21-9c5cf0d32e24" testId="53012f10-5c5a-17f8-8309-bab81bb3ebf1" testName="InferenceWeb.Tests.ModelLoadRefusalTests.Refusal_OfTheRollbackToo_IsLoggedWithoutAStackTrace" computerName="d71188ba1e2e" duration="00:00:00.0022882" startTime="2026-09-17T15:00:03.2266883+00:00" endTime="2026-09-17T15:00:03.2288534+00:00" testType="13cdc9d9-ddb5-4fa4-a97d-d965ccfc6d4b" outcome="Passed" testListId="8c84fa94-04c1-424b-9868-57a2d4851a1d" relativeResultsDirectory="481f88b2-a856-48dd-ac21-9c5cf0d32e24" />
    <UnitTestResult executionId="153b0ca7-c4f3-436b-a656-6707db881f55" testId="ece2f74b-c610-0c59-74c1-1cb9c51c249d" testName="InferenceWeb.Tests.TestGateModelPathTests.SmallestDirectoryMatch_IsSelectedByFileSize" computerName="d71188ba1e2e" duration="00:00:00.0043258" startTime="2026-09-17T14:59:48.1206440+00:00" endTime="2026-09-17T14:59:48.1217116+00:00" testType="13cdc9d9-ddb5-4fa4-a97d-d965ccfc6d4b" outcome="Passed" testListId="8c84fa94-04c1-424b-9868-57a2d4851a1d" relativeResultsDirectory="153b0ca7-c4f3-436b-a656-6707db881f55" />
    <UnitTestResult executionId="ca8d0661-76e1-4174-b079-8b822ba12702" testId="8502e6db-17cf-38d8-1521-f0bfff50a677" testName="InferenceWeb.Tests.ModelLoadRefusalTests.UnexpectedExceptions_AreNotRefusals(bug: System.OutOfMemoryException: Insufficient memory to continue the execution of the program.)" computerName="d71188ba1e2e" duration="00:00:00.0000751" startTime="2026-09-17T15:00:03.2245350+00:00" endTime="2026-09-17T15:00:03.2246877+00:00" testType="13cdc9d9-ddb5-4fa4-a97d-d965ccfc6d4b" outcome="Passed" testListId="8c84fa94-04c1-424b-9868-57a2d4851a1d" relativeResultsDirectory="ca8d0661-76e1-4174-b079-8b822ba12702" />
    <UnitTestResult executionId="a0d82d3c-11c7-4c71-978b-ea13633489f9" testId="c7f6e8cb-6495-b917-4eb9-76b7794a249a" testName="InferenceWeb.Tests.ModelLoadRefusalTests.UsagePages_DocumentEveryExitCodeAndTheErrorLine(page: &quot;USAGE_zh-cn.md&quot;)" computerName="d71188ba1e2e" duration="00:00:00.1180502" startTime="2026-09-17T15:00:02.9112273+00:00" endTime="2026-09-17T15:00:03.0294881+00:00" testType="13cdc9d9-ddb5-4fa4-a97d-d965ccfc6d4b" outcome="Passed" testListId="8c84fa94-04c1-424b-9868-57a2d4851a1d" relativeResultsDirectory="a0d82d3c-11c7-4c71-978b-ea13633489f9" />
    <UnitTestResult executionId="77bf4af6-1947-4664-b439-8a9e444359c3" testId="337b4e91-4a69-2f84-1cd5-ad5f8031e0bd" testName="InferenceWeb.Tests.ModelLoadRefusalTests.Refusal_DuringAReload_RestoresThePreviousModel" computerName="d71188ba1e2e" duration="00:00:00.0017685" startTime="2026-09-17T15:00:03.2121193+00:00" endTime="2026-09-17T15:00:03.2123770+00:00" testType="13cdc9d9-ddb5-4fa4-a97d-d965ccfc6d4b" outcome="Passed" testListId="8c84fa94-04c1-424b-9868-57a2d4851a1d" relativeResultsDirectory="77bf4af6-1947-4664-b439-8a9e444359c3" />
    <UnitTestResult executionId="0b1c4364-2674-410f-a84c-0b6de15a7e57" testId="8502e6db-17cf-38d8-1521-f0bfff50a677" testName="InferenceWeb.Tests.ModelLoadRefusalTests.UnexpectedExceptions_AreNotRefusals(bug: System.InvalidOperationException: Sequence contains no elements)" computerName="d71188ba1e2e" duration="00:00:00.0003051" startTime="2026-09-17T15:00:03.2232158+00:00" endTime="2026-09-17T15:00:03.2234092+00:00" testType="13cdc9d9-ddb5-4fa4-a97d-d965ccfc6d4b" outcome="Passed" testListId="8c84fa94-04c1-424b-9868-57a2d4851a1d" relativeResultsDirectory="0b1c4364-2674-410f-a84c-0b6de15a7e57" />
    <UnitTestResult executionId="19d257c0-3d38-4090-9dec-238b9052d84e" testId="29cc7f6f-4c39-dde6-f468-11461dfb3fe6" testName="InferenceWeb.Tests.HostLoadRefusalProcessTests.Cli_FileThatIsNotAGguf_ExitsWithTheRefusalCodeAndOneStderrLine" computerName="d71188ba1e2e" duration="00:00:00.5236828" startTime="2026-09-17T14:59:53.8089340+00:00" endTime="2026-09-17T14:59:54.3325126+00:00" testType="13cdc9d9-ddb5-4fa4-a97d-d965ccfc6d4b" outcome="Passed" testListId="8c84fa94-04c1-424b-9868-57a2d4851a1d" relativeResultsDirectory="19d257c0-3d38-4090-9dec-238b9052d84e" />
    <UnitTestResult executionId="92716ea9-f40f-4960-b2f0-8b36809ca639" testId="025efe8c-bfa8-a559-fa89-16175b48f2d3" testName="InferenceWeb.Tests.GlmDsaNativeBatchedDecodeLayerSplitTests.BatchedDecode_MatchesPerSequenceDecode_OneGpu" computerName="d71188ba1e2e" duration="00:00:01.9224694" startTime="2026-09-17T14:59:58.8029869+00:00" endTime="2026-09-17T15:00:00.7250490+00:00" testType="13cdc9d9-ddb5-4fa4-a97d-d965ccfc6d4b" outcome="Passed" testListId="8c84fa94-04c1-424b-9868-57a2d4851a1d" relativeResultsDirectory="92716ea9-f40f-4960-b2f0-8b36809ca639">
      <Output>
        <StdOut>nGpu=1: worst max|batched - serial| over 6 steps = 0</StdOut>
      </Output>
    </UnitTestResult>
    <UnitTestResult executionId="f28ef93c-cbda-4dc7-8a63-1da1d978e23d" testId="ff92236f-1904-62c4-e0b5-c7c1c1916e12" testName="InferenceWeb.Tests.ModelLoadRefusalTests.StartupLoad_Refused_ThrowsARefusalAndHoldsNoModel" computerName="d71188ba1e2e" duration="00:00:00.0247065" startTime="2026-09-17T15:00:03.1737170+00:00" endTime="2026-09-17T15:00:03.1979687+00:00" testType="13cdc9d9-ddb5-4fa4-a97d-d965ccfc6d4b" outcome="Passed" testListId="8c84fa94-04c1-424b-9868-57a2d4851a1d" relativeResultsDirectory="f28ef93c-cbda-4dc7-8a63-1da1d978e23d" />
    <UnitTestResult executionId="f751978a-f906-4be8-b013-cdaf3114a365" testId="310acda7-caba-de58-375d-230c1b572ebf" testName="InferenceWeb.Tests.HostLoadRefusalProcessTests.Server_FileThatIsNotAGguf_ExitsWithTheRefusalCodeAndOneStderrLine" computerName="d71188ba1e2e" duration="00:00:02.5836026" startTime="2026-09-17T14:59:56.2170392+00:00" endTime="2026-09-17T14:59:58.8000215+00:00" testType="13cdc9d9-ddb5-4fa4-a97d-d965ccfc6d4b" outcome="Passed" testListId="8c84fa94-04c1-424b-9868-57a2d4851a1d" relativeResultsDirectory="f751978a-f906-4be8-b013-cdaf3114a365" />
    <UnitTestResult executionId="72b003bb-05b3-4d2e-bce3-ca2ef3308770" testId="3bd19bc9-1a29-1f0b-9b63-4678b5b281c2" testName="InferenceWeb.Tests.ModelLoadRefusalTests.Refusals_AreClassifiedWithTheirMessage(refusal: System.IO.FileNotFoundException: DeepSeek V4.1 requires its Engram lookup sidecar.&#xA;File name: 'deepseek41.engram.bin')" computerName="d71188ba1e2e" duration="00:00:00.0001312" startTime="2026-09-17T15:00:03.2079564+00:00" endTime="2026-09-17T15:00:03.2081557+00:00" testType="13cdc9d9-ddb5-4fa4-a97d-d965ccfc6d4b" outcome="Passed" testListId="8c84fa94-04c1-424b-9868-57a2d4851a1d" relativeResultsDirectory="72b003bb-05b3-4d2e-bce3-ca2ef3308770" />
    <UnitTestResult executionId="d3799d61-b539-4650-873b-d37bda854cd6" testId="20d3dfb4-2165-afd2-ad27-e3696441b95f" testName="InferenceWeb.Tests.ModelLoadRefusalTests.WrappersAreSeenThrough" computerName="d71188ba1e2e" duration="00:00:00.0005632" startTime="2026-09-17T15:00:03.2309683+00:00" endTime="2026-09-17T15:00:03.2311337+00:00" testType="13cdc9d9-ddb5-4fa4-a97d-d965ccfc6d4b" outcome="Passed" testListId="8c84fa94-04c1-424b-9868-57a2d4851a1d" relativeResultsDirectory="d3799d61-b539-4650-873b-d37bda854cd6" />
    <UnitTestResult executionId="fb394cb4-add6-4ab0-9041-e745e00705c2" testId="0bed7b7c-7bef-d389-8521-70f3528fc0be" testName="InferenceWeb.Tests.FlashAttnUnsupportedShapeTests.PagedAttention_WithAHeadSizeCudaHasNoKernelFor_FallsBackInsteadOfAborting" computerName="d71188ba1e2e" duration="00:00:01.4122884" startTime="2026-09-17T14:59:46.7140736+00:00" endTime="2026-09-17T14:59:48.1017786+00:00" testType="13cdc9d9-ddb5-4fa4-a97d-d965ccfc6d4b" outcome="Passed" testListId="8c84fa94-04c1-424b-9868-57a2d4851a1d" relativeResultsDirectory="fb394cb4-add6-4ab0-9041-e745e00705c2" />
    <UnitTestResult executionId="83cbbed7-0061-4a3e-b5c2-2af6b5c884d6" testId="3f0d818b-b185-89cf-cd5d-23f661d6d542" testName="InferenceWeb.Tests.GlmDsaNativeBatchedDecodeLayerSplitTests.BatchedDecode_MatchesPerSequenceDecode_ThreeGpus" computerName="d71188ba1e2e" duration="00:00:01.7580298" startTime="2026-09-17T15:00:01.1512051+00:00" endTime="2026-09-17T15:00:02.9090214+00:00" testType="13cdc9d9-ddb5-4fa4-a97d-d965ccfc6d4b" outcome="Passed" testListId="8c84fa94-04c1-424b-9868-57a2d4851a1d" relativeResultsDirectory="83cbbed7-0061-4a3e-b5c2-2af6b5c884d6">
      <Output>
        <StdOut>nGpu=3: worst max|batched - serial| over 6 steps = 0</StdOut>
      </Output>
    </UnitTestResult>
    <UnitTestResult executionId="3bfab3ec-f09c-4a32-a0dd-582faeeede3e" testId="ef51808f-6669-5995-b626-88222d60185d" testName="InferenceWeb.Tests.HostLoadRefusalProcessTests.Cli_MissingModel_ExitsWithTheRefusalCodeAndOneStderrLine" computerName="d71188ba1e2e" duration="00:00:01.0296848" startTime="2026-09-17T14:59:52.7806045+00:00" endTime="2026-09-17T14:59:53.8084303+00:00" testType="13cdc9d9-ddb5-4fa4-a97d-d965ccfc6d4b" outcome="Passed" testListId="8c84fa94-04c1-424b-9868-57a2d4851a1d" relativeResultsDirectory="3bfab3ec-f09c-4a32-a0dd-582faeeede3e" />
  </Results>
  <TestDefinitions>
    <UnitTest name="InferenceWeb.Tests.ModelLoadRefusalTests.Refusal_DuringAReload_RestoresThePreviousModel" storage="/workspace/ts-codex-branch-completion-20260917/repo/inferenceweb.tests/bin/release/net10.0/inferenceweb.tests.dll" id="337b4e91-4a69-2f84-1cd5-ad5f8031e0bd">
      <Execution id="77bf4af6-1947-4664-b439-8a9e444359c3" />
      <TestMethod codeBase="/workspace/ts-codex-branch-completion-20260917/repo/InferenceWeb.Tests/bin/Release/net10.0/InferenceWeb.Tests.dll" adapterTypeName="executor://xunit/VsTestRunner3/netcore/" className="InferenceWeb.Tests.ModelLoadRefusalTests" name="Refusal_DuringAReload_RestoresThePreviousModel" />
    </UnitTest>
    <UnitTest name="InferenceWeb.Tests.HostLoadRefusalProcessTests.Cli_MissingModel_ExitsWithTheRefusalCodeAndOneStderrLine" storage="/workspace/ts-codex-branch-completion-20260917/repo/inferenceweb.tests/bin/release/net10.0/inferenceweb.tests.dll" id="ef51808f-6669-5995-b626-88222d60185d">
      <Execution id="3bfab3ec-f09c-4a32-a0dd-582faeeede3e" />
      <TestMethod codeBase="/workspace/ts-codex-branch-completion-20260917/repo/InferenceWeb.Tests/bin/Release/net10.0/InferenceWeb.Tests.dll" adapterTypeName="executor://xunit/VsTestRunner3/netcore/" className="InferenceWeb.Tests.HostLoadRefusalProcessTests" name="Cli_MissingModel_ExitsWithTheRefusalCodeAndOneStderrLine" />
    </UnitTest>
    <UnitTest name="InferenceWeb.Tests.ModelLoadRefusalTests.WebUiLoad_Refused_Is500WithTheReasonAndTheModelStillLoaded" storage="/workspace/ts-codex-branch-completion-20260917/repo/inferenceweb.tests/bin/release/net10.0/inferenceweb.tests.dll" id="f3c8536b-320e-2918-40cd-6df821cbad9b">
      <Execution id="d357df60-7dea-4fcb-95f0-b921b61762ca" />
      <TestMethod codeBase="/workspace/ts-codex-branch-completion-20260917/repo/InferenceWeb.Tests/bin/Release/net10.0/InferenceWeb.Tests.dll" adapterTypeName="executor://xunit/VsTestRunner3/netcore/" className="InferenceWeb.Tests.ModelLoadRefusalTests" name="WebUiLoad_Refused_Is500WithTheReasonAndTheModelStillLoaded" />
    </UnitTest>
    <UnitTest name="InferenceWeb.Tests.HostLoadRefusalProcessTests.Server_MissingModel_ExitsWithTheRefusalCodeAndOneStderrLine" storage="/workspace/ts-codex-branch-completion-20260917/repo/inferenceweb.tests/bin/release/net10.0/inferenceweb.tests.dll" id="b8e2b9cc-fb50-bf7c-3937-41ddd08f703d">
      <Execution id="20e04734-7783-414d-900b-b9398b9f0646" />
      <TestMethod codeBase="/workspace/ts-codex-branch-completion-20260917/repo/InferenceWeb.Tests/bin/Release/net10.0/InferenceWeb.Tests.dll" adapterTypeName="executor://xunit/VsTestRunner3/netcore/" className="InferenceWeb.Tests.HostLoadRefusalProcessTests" name="Server_MissingModel_ExitsWithTheRefusalCodeAndOneStderrLine" />
    </UnitTest>
    <UnitTest name="InferenceWeb.Tests.ModelLoadRefusalTests.UnexpectedExceptions_AreNotRefusals" storage="/workspace/ts-codex-branch-completion-20260917/repo/inferenceweb.tests/bin/release/net10.0/inferenceweb.tests.dll" id="8502e6db-17cf-38d8-1521-f0bfff50a677">
      <Execution id="0b1c4364-2674-410f-a84c-0b6de15a7e57" />
      <TestMethod codeBase="/workspace/ts-codex-branch-completion-20260917/repo/InferenceWeb.Tests/bin/Release/net10.0/InferenceWeb.Tests.dll" adapterTypeName="executor://xunit/VsTestRunner3/netcore/" className="InferenceWeb.Tests.ModelLoadRefusalTests" name="UnexpectedExceptions_AreNotRefusals" />
    </UnitTest>
    <UnitTest name="InferenceWeb.Tests.ModelLoadRefusalTests.ExitCodes_AreTheDocumentedNumbers" storage="/workspace/ts-codex-branch-completion-20260917/repo/inferenceweb.tests/bin/release/net10.0/inferenceweb.tests.dll" id="7bcff8d6-c032-ce53-e433-6c8c9c959a92">
      <Execution id="ec2d8b40-43cd-46bf-9432-d9e043f8eb22" />
      <TestMethod codeBase="/workspace/ts-codex-branch-completion-20260917/repo/InferenceWeb.Tests/bin/Release/net10.0/InferenceWeb.Tests.dll" adapterTypeName="executor://xunit/VsTestRunner3/netcore/" className="InferenceWeb.Tests.ModelLoadRefusalTests" name="ExitCodes_AreTheDocumentedNumbers" />
    </UnitTest>
    <UnitTest name="InferenceWeb.Tests.TestGateModelPathTests.ExplicitFileOverride_IsReturnedByBothLoadersWithoutTheDirectoryNameFilter" storage="/workspace/ts-codex-branch-completion-20260917/repo/inferenceweb.tests/bin/release/net10.0/inferenceweb.tests.dll" id="f045a280-8c90-53f6-0d46-0c5399459b93">
      <Execution id="e7a3d1c7-ab4b-4eba-aea1-a9acc718f249" />
      <TestMethod codeBase="/workspace/ts-codex-branch-completion-20260917/repo/InferenceWeb.Tests/bin/Release/net10.0/InferenceWeb.Tests.dll" adapterTypeName="executor://xunit/VsTestRunner3/netcore/" className="InferenceWeb.Tests.TestGateModelPathTests" name="ExplicitFileOverride_IsReturnedByBothLoadersWithoutTheDirectoryNameFilter" />
    </UnitTest>
    <UnitTest name="InferenceWeb.Tests.ModelLoadRefusalTests.ReportRefusal_ReleasesFirst_ThenWritesOneLine_AndReturnsTheRefusalCode" storage="/workspace/ts-codex-branch-completion-20260917/repo/inferenceweb.tests/bin/release/net10.0/inferenceweb.tests.dll" id="c6d1e577-7ef9-e8bd-ee01-060aef8d70ab">
      <Execution id="12aca49e-79c8-41fc-8be4-248b8b84bb32" />
      <TestMethod codeBase="/workspace/ts-codex-branch-completion-20260917/repo/InferenceWeb.Tests/bin/Release/net10.0/InferenceWeb.Tests.dll" adapterTypeName="executor://xunit/VsTestRunner3/netcore/" className="InferenceWeb.Tests.ModelLoadRefusalTests" name="ReportRefusal_ReleasesFirst_ThenWritesOneLine_AndReturnsTheRefusalCode" />
    </UnitTest>
    <UnitTest name="InferenceWeb.Tests.ModelLoadRefusalTests.HostedModelReload_Refused_ReturnsAnErrorAndKeepsServing" storage="/workspace/ts-codex-branch-completion-20260917/repo/inferenceweb.tests/bin/release/net10.0/inferenceweb.tests.dll" id="924c9cd8-af41-3572-4327-ddf9176d9cd1">
      <Execution id="3e43192f-9733-41a6-9c33-6a5b89943de9" />
      <TestMethod codeBase="/workspace/ts-codex-branch-completion-20260917/repo/InferenceWeb.Tests/bin/Release/net10.0/InferenceWeb.Tests.dll" adapterTypeName="executor://xunit/VsTestRunner3/netcore/" className="InferenceWeb.Tests.ModelLoadRefusalTests" name="HostedModelReload_Refused_ReturnsAnErrorAndKeepsServing" />
    </UnitTest>
    <UnitTest name="InferenceWeb.Tests.GlmDsaNativeBatchedDecodeLayerSplitTests.BatchedDecode_MatchesPerSequenceDecode_OneGpu" storage="/workspace/ts-codex-branch-completion-20260917/repo/inferenceweb.tests/bin/release/net10.0/inferenceweb.tests.dll" id="025efe8c-bfa8-a559-fa89-16175b48f2d3">
      <Execution id="92716ea9-f40f-4960-b2f0-8b36809ca639" />
      <TestMethod codeBase="/workspace/ts-codex-branch-completion-20260917/repo/InferenceWeb.Tests/bin/Release/net10.0/InferenceWeb.Tests.dll" adapterTypeName="executor://xunit/VsTestRunner3/netcore/" className="InferenceWeb.Tests.GlmDsaNativeBatchedDecodeLayerSplitTests" name="BatchedDecode_MatchesPerSequenceDecode_OneGpu" />
    </UnitTest>
    <UnitTest name="InferenceWeb.Tests.TestGateModelPathTests.DirectorySearch_ExcludesCompanionsAndAcceptsAlternativeNames" storage="/workspace/ts-codex-branch-completion-20260917/repo/inferenceweb.tests/bin/release/net10.0/inferenceweb.tests.dll" id="01c519c5-545d-784f-00a2-ae5dcbf75c6a">
      <Execution id="f654b588-aa07-4e58-9ee3-390d2caaa4be" />
      <TestMethod codeBase="/workspace/ts-codex-branch-completion-20260917/repo/InferenceWeb.Tests/bin/Release/net10.0/InferenceWeb.Tests.dll" adapterTypeName="executor://xunit/VsTestRunner3/netcore/" className="InferenceWeb.Tests.TestGateModelPathTests" name="DirectorySearch_ExcludesCompanionsAndAcceptsAlternativeNames" />
    </UnitTest>
    <UnitTest name="InferenceWeb.Tests.TestGateModelPathTests.SmallestDirectoryMatch_IsSelectedByFileSize" storage="/workspace/ts-codex-branch-completion-20260917/repo/inferenceweb.tests/bin/release/net10.0/inferenceweb.tests.dll" id="ece2f74b-c610-0c59-74c1-1cb9c51c249d">
      <Execution id="153b0ca7-c4f3-436b-a656-6707db881f55" />
      <TestMethod codeBase="/workspace/ts-codex-branch-completion-20260917/repo/InferenceWeb.Tests/bin/Release/net10.0/InferenceWeb.Tests.dll" adapterTypeName="executor://xunit/VsTestRunner3/netcore/" className="InferenceWeb.Tests.TestGateModelPathTests" name="SmallestDirectoryMatch_IsSelectedByFileSize" />
    </UnitTest>
    <UnitTest name="InferenceWeb.Tests.ModelLoadRefusalTests.Refusal_OfTheRollbackToo_IsLoggedWithoutAStackTrace" storage="/workspace/ts-codex-branch-completion-20260917/repo/inferenceweb.tests/bin/release/net10.0/inferenceweb.tests.dll" id="53012f10-5c5a-17f8-8309-bab81bb3ebf1">
      <Execution id="481f88b2-a856-48dd-ac21-9c5cf0d32e24" />
      <TestMethod codeBase="/workspace/ts-codex-branch-completion-20260917/repo/InferenceWeb.Tests/bin/Release/net10.0/InferenceWeb.Tests.dll" adapterTypeName="executor://xunit/VsTestRunner3/netcore/" className="InferenceWeb.Tests.ModelLoadRefusalTests" name="Refusal_OfTheRollbackToo_IsLoggedWithoutAStackTrace" />
    </UnitTest>
    <UnitTest name="InferenceWeb.Tests.GlmDsaNativeBatchedDecodeLayerSplitTests.BatchedDecode_MatchesPerSequenceDecode_TwoGpus" storage="/workspace/ts-codex-branch-completion-20260917/repo/inferenceweb.tests/bin/release/net10.0/inferenceweb.tests.dll" id="c06b5f4f-2745-88fe-47f7-e7e49fa67b0c">
      <Execution id="ceff1bd0-d5f8-48a0-9b4c-81f1f3c902c9" />
      <TestMethod codeBase="/workspace/ts-codex-branch-completion-20260917/repo/InferenceWeb.Tests/bin/Release/net10.0/InferenceWeb.Tests.dll" adapterTypeName="executor://xunit/VsTestRunner3/netcore/" className="InferenceWeb.Tests.GlmDsaNativeBatchedDecodeLayerSplitTests" name="BatchedDecode_MatchesPerSequenceDecode_TwoGpus" />
    </UnitTest>
    <UnitTest name="InferenceWeb.Tests.ModelLoadRefusalTests.HostedModelReload_UnexpectedFailure_StillPropagates" storage="/workspace/ts-codex-branch-completion-20260917/repo/inferenceweb.tests/bin/release/net10.0/inferenceweb.tests.dll" id="ea32e3c2-403b-0131-1612-6b4b3c4e4dc1">
      <Execution id="cef1b540-516f-40eb-bf39-26bc9dddf815" />
      <TestMethod codeBase="/workspace/ts-codex-branch-completion-20260917/repo/InferenceWeb.Tests/bin/Release/net10.0/InferenceWeb.Tests.dll" adapterTypeName="executor://xunit/VsTestRunner3/netcore/" className="InferenceWeb.Tests.ModelLoadRefusalTests" name="HostedModelReload_UnexpectedFailure_StillPropagates" />
    </UnitTest>
    <UnitTest name="InferenceWeb.Tests.HostLoadRefusalProcessTests.Cli_FileThatIsNotAGguf_ExitsWithTheRefusalCodeAndOneStderrLine" storage="/workspace/ts-codex-branch-completion-20260917/repo/inferenceweb.tests/bin/release/net10.0/inferenceweb.tests.dll" id="29cc7f6f-4c39-dde6-f468-11461dfb3fe6">
      <Execution id="19d257c0-3d38-4090-9dec-238b9052d84e" />
      <TestMethod codeBase="/workspace/ts-codex-branch-completion-20260917/repo/InferenceWeb.Tests/bin/Release/net10.0/InferenceWeb.Tests.dll" adapterTypeName="executor://xunit/VsTestRunner3/netcore/" className="InferenceWeb.Tests.HostLoadRefusalProcessTests" name="Cli_FileThatIsNotAGguf_ExitsWithTheRefusalCodeAndOneStderrLine" />
    </UnitTest>
    <UnitTest name="InferenceWeb.Tests.ModelLoadRefusalTests.ReportRefusal_AFailedRelease_DoesNotSwallowTheRefusal" storage="/workspace/ts-codex-branch-completion-20260917/repo/inferenceweb.tests/bin/release/net10.0/inferenceweb.tests.dll" id="6cf02ed7-13c7-d46a-41c2-6bce295be109">
      <Execution id="07a0399b-e18b-48e6-8eb6-bb58251c9ffa" />
      <TestMethod codeBase="/workspace/ts-codex-branch-completion-20260917/repo/InferenceWeb.Tests/bin/Release/net10.0/InferenceWeb.Tests.dll" adapterTypeName="executor://xunit/VsTestRunner3/netcore/" className="InferenceWeb.Tests.ModelLoadRefusalTests" name="ReportRefusal_AFailedRelease_DoesNotSwallowTheRefusal" />
    </UnitTest>
    <UnitTest name="InferenceWeb.Tests.ModelLoadRefusalTests.Refusal_IsLoggedAsItsReason_AndTheStackTraceOnlyAtDebug" storage="/workspace/ts-codex-branch-completion-20260917/repo/inferenceweb.tests/bin/release/net10.0/inferenceweb.tests.dll" id="6ccfe8db-656a-b038-e7ef-e75d8e84d986">
      <Execution id="53963608-a442-4569-9373-a494efb0d111" />
      <TestMethod codeBase="/workspace/ts-codex-branch-completion-20260917/repo/InferenceWeb.Tests/bin/Release/net10.0/InferenceWeb.Tests.dll" adapterTypeName="executor://xunit/VsTestRunner3/netcore/" className="InferenceWeb.Tests.ModelLoadRefusalTests" name="Refusal_IsLoggedAsItsReason_AndTheStackTraceOnlyAtDebug" />
    </UnitTest>
    <UnitTest name="InferenceWeb.Tests.ModelLoadRefusalTests.StartupLoad_Refused_ThrowsARefusalAndHoldsNoModel" storage="/workspace/ts-codex-branch-completion-20260917/repo/inferenceweb.tests/bin/release/net10.0/inferenceweb.tests.dll" id="ff92236f-1904-62c4-e0b5-c7c1c1916e12">
      <Execution id="f28ef93c-cbda-4dc7-8a63-1da1d978e23d" />
      <TestMethod codeBase="/workspace/ts-codex-branch-completion-20260917/repo/InferenceWeb.Tests/bin/Release/net10.0/InferenceWeb.Tests.dll" adapterTypeName="executor://xunit/VsTestRunner3/netcore/" className="InferenceWeb.Tests.ModelLoadRefusalTests" name="StartupLoad_Refused_ThrowsARefusalAndHoldsNoModel" />
    </UnitTest>
    <UnitTest name="InferenceWeb.Tests.ModelLoadRefusalTests.StartupLoad_UnsupportedBackend_IsARefusal" storage="/workspace/ts-codex-branch-completion-20260917/repo/inferenceweb.tests/bin/release/net10.0/inferenceweb.tests.dll" id="b68b1cca-a425-f00e-d7d3-080e0f0e85d0">
      <Execution id="b56ff3ee-9d5f-4c7e-a0d6-07bedc3ab7b6" />
      <TestMethod codeBase="/workspace/ts-codex-branch-completion-20260917/repo/InferenceWeb.Tests/bin/Release/net10.0/InferenceWeb.Tests.dll" adapterTypeName="executor://xunit/VsTestRunner3/netcore/" className="InferenceWeb.Tests.ModelLoadRefusalTests" name="StartupLoad_UnsupportedBackend_IsARefusal" />
    </UnitTest>
    <UnitTest name="InferenceWeb.Tests.ModelLoadRefusalTests.UnexpectedFailure_KeepsItsStackTraceAtError" storage="/workspace/ts-codex-branch-completion-20260917/repo/inferenceweb.tests/bin/release/net10.0/inferenceweb.tests.dll" id="5287e8f7-a0b7-7929-226f-ae15aa5bff61">
      <Execution id="1c2ea21d-2e8c-4b6f-be1b-7d8307c98c56" />
      <TestMethod codeBase="/workspace/ts-codex-branch-completion-20260917/repo/InferenceWeb.Tests/bin/Release/net10.0/InferenceWeb.Tests.dll" adapterTypeName="executor://xunit/VsTestRunner3/netcore/" className="InferenceWeb.Tests.ModelLoadRefusalTests" name="UnexpectedFailure_KeepsItsStackTraceAtError" />
    </UnitTest>
    <UnitTest name="InferenceWeb.Tests.ModelLoadRefusalTests.Refusal_ReleasesTheTensorParallelGroupBuiltForIt" storage="/workspace/ts-codex-branch-completion-20260917/repo/inferenceweb.tests/bin/release/net10.0/inferenceweb.tests.dll" id="1f50c935-b100-e37c-301c-05a9d9939852">
      <Execution id="bea11d0b-cdb7-4753-ace1-0f73fbfab5ec" />
      <TestMethod codeBase="/workspace/ts-codex-branch-completion-20260917/repo/InferenceWeb.Tests/bin/Release/net10.0/InferenceWeb.Tests.dll" adapterTypeName="executor://xunit/VsTestRunner3/netcore/" className="InferenceWeb.Tests.ModelLoadRefusalTests" name="Refusal_ReleasesTheTensorParallelGroupBuiltForIt" />
    </UnitTest>
    <UnitTest name="InferenceWeb.Tests.HostLoadRefusalProcessTests.Server_DebugLogLevel_StillOneStderrLine_ButTheStackTraceIsLogged" storage="/workspace/ts-codex-branch-completion-20260917/repo/inferenceweb.tests/bin/release/net10.0/inferenceweb.tests.dll" id="fc4fa828-2ed3-494c-b70c-61e8a55122dc">
      <Execution id="81b8deb6-be0a-49af-b70c-1b6265cec85f" />
      <TestMethod codeBase="/workspace/ts-codex-branch-completion-20260917/repo/InferenceWeb.Tests/bin/Release/net10.0/InferenceWeb.Tests.dll" adapterTypeName="executor://xunit/VsTestRunner3/netcore/" className="InferenceWeb.Tests.HostLoadRefusalProcessTests" name="Server_DebugLogLevel_StillOneStderrLine_ButTheStackTraceIsLogged" />
    </UnitTest>
    <UnitTest name="InferenceWeb.Tests.ModelLoadRefusalTests.WrappersAreSeenThrough" storage="/workspace/ts-codex-branch-completion-20260917/repo/inferenceweb.tests/bin/release/net10.0/inferenceweb.tests.dll" id="20d3dfb4-2165-afd2-ad27-e3696441b95f">
      <Execution id="d3799d61-b539-4650-873b-d37bda854cd6" />
      <TestMethod codeBase="/workspace/ts-codex-branch-completion-20260917/repo/InferenceWeb.Tests/bin/Release/net10.0/InferenceWeb.Tests.dll" adapterTypeName="executor://xunit/VsTestRunner3/netcore/" className="InferenceWeb.Tests.ModelLoadRefusalTests" name="WrappersAreSeenThrough" />
    </UnitTest>
    <UnitTest name="InferenceWeb.Tests.ModelLoadRefusalTests.UsagePages_DocumentEveryExitCodeAndTheErrorLine(page: &quot;USAGE_zh-cn.md&quot;)" storage="/workspace/ts-codex-branch-completion-20260917/repo/inferenceweb.tests/bin/release/net10.0/inferenceweb.tests.dll" id="c7f6e8cb-6495-b917-4eb9-76b7794a249a">
      <Execution id="a0d82d3c-11c7-4c71-978b-ea13633489f9" />
      <TestMethod codeBase="/workspace/ts-codex-branch-completion-20260917/repo/InferenceWeb.Tests/bin/Release/net10.0/InferenceWeb.Tests.dll" adapterTypeName="executor://xunit/VsTestRunner3/netcore/" className="InferenceWeb.Tests.ModelLoadRefusalTests" name="UsagePages_DocumentEveryExitCodeAndTheErrorLine" />
    </UnitTest>
    <UnitTest name="InferenceWeb.Tests.ModelLoadRefusalTests.UsagePages_DocumentEveryExitCodeAndTheErrorLine(page: &quot;USAGE.md&quot;)" storage="/workspace/ts-codex-branch-completion-20260917/repo/inferenceweb.tests/bin/release/net10.0/inferenceweb.tests.dll" id="18127525-680c-ed8b-6eba-51b8c83021bd">
      <Execution id="973da113-5dc0-420d-b529-e0fcd186023e" />
      <TestMethod codeBase="/workspace/ts-codex-branch-completion-20260917/repo/InferenceWeb.Tests/bin/Release/net10.0/InferenceWeb.Tests.dll" adapterTypeName="executor://xunit/VsTestRunner3/netcore/" className="InferenceWeb.Tests.ModelLoadRefusalTests" name="UsagePages_DocumentEveryExitCodeAndTheErrorLine" />
    </UnitTest>
    <UnitTest name="InferenceWeb.Tests.FlashAttnUnsupportedShapeTests.PagedAttention_WithAHeadSizeCudaHasNoKernelFor_FallsBackInsteadOfAborting" storage="/workspace/ts-codex-branch-completion-20260917/repo/inferenceweb.tests/bin/release/net10.0/inferenceweb.tests.dll" id="0bed7b7c-7bef-d389-8521-70f3528fc0be">
      <Execution id="fb394cb4-add6-4ab0-9041-e745e00705c2" />
      <TestMethod codeBase="/workspace/ts-codex-branch-completion-20260917/repo/InferenceWeb.Tests/bin/Release/net10.0/InferenceWeb.Tests.dll" adapterTypeName="executor://xunit/VsTestRunner3/netcore/" className="InferenceWeb.Tests.FlashAttnUnsupportedShapeTests" name="PagedAttention_WithAHeadSizeCudaHasNoKernelFor_FallsBackInsteadOfAborting" />
    </UnitTest>
    <UnitTest name="InferenceWeb.Tests.ModelLoadRefusalTests.ARefusedLoadExceptionIsStillAnInvalidOperationException" storage="/workspace/ts-codex-branch-completion-20260917/repo/inferenceweb.tests/bin/release/net10.0/inferenceweb.tests.dll" id="5ed651af-325f-6f8b-de8c-a6e41462c89c">
      <Execution id="08b54efe-cd30-43a5-9227-26a9b6bd710f" />
      <TestMethod codeBase="/workspace/ts-codex-branch-completion-20260917/repo/InferenceWeb.Tests/bin/Release/net10.0/InferenceWeb.Tests.dll" adapterTypeName="executor://xunit/VsTestRunner3/netcore/" className="InferenceWeb.Tests.ModelLoadRefusalTests" name="ARefusedLoadExceptionIsStillAnInvalidOperationException" />
    </UnitTest>
    <UnitTest name="InferenceWeb.Tests.GlmDsaNativeBatchedDecodeLayerSplitTests.BatchedDecode_MatchesPerSequenceDecode_ThreeGpus" storage="/workspace/ts-codex-branch-completion-20260917/repo/inferenceweb.tests/bin/release/net10.0/inferenceweb.tests.dll" id="3f0d818b-b185-89cf-cd5d-23f661d6d542">
      <Execution id="83cbbed7-0061-4a3e-b5c2-2af6b5c884d6" />
      <TestMethod codeBase="/workspace/ts-codex-branch-completion-20260917/repo/InferenceWeb.Tests/bin/Release/net10.0/InferenceWeb.Tests.dll" adapterTypeName="executor://xunit/VsTestRunner3/netcore/" className="InferenceWeb.Tests.GlmDsaNativeBatchedDecodeLayerSplitTests" name="BatchedDecode_MatchesPerSequenceDecode_ThreeGpus" />
    </UnitTest>
    <UnitTest name="InferenceWeb.Tests.HostLoadRefusalProcessTests.Server_FileThatIsNotAGguf_ExitsWithTheRefusalCodeAndOneStderrLine" storage="/workspace/ts-codex-branch-completion-20260917/repo/inferenceweb.tests/bin/release/net10.0/inferenceweb.tests.dll" id="310acda7-caba-de58-375d-230c1b572ebf">
      <Execution id="f751978a-f906-4be8-b013-cdaf3114a365" />
      <TestMethod codeBase="/workspace/ts-codex-branch-completion-20260917/repo/InferenceWeb.Tests/bin/Release/net10.0/InferenceWeb.Tests.dll" adapterTypeName="executor://xunit/VsTestRunner3/netcore/" className="InferenceWeb.Tests.HostLoadRefusalProcessTests" name="Server_FileThatIsNotAGguf_ExitsWithTheRefusalCodeAndOneStderrLine" />
    </UnitTest>
    <UnitTest name="InferenceWeb.Tests.ModelLoadRefusalTests.Refusals_AreClassifiedWithTheirMessage" storage="/workspace/ts-codex-branch-completion-20260917/repo/inferenceweb.tests/bin/release/net10.0/inferenceweb.tests.dll" id="3bd19bc9-1a29-1f0b-9b63-4678b5b281c2">
      <Execution id="90ced960-de74-4d6b-8a52-2008a3bd2ca1" />
      <TestMethod codeBase="/workspace/ts-codex-branch-completion-20260917/repo/InferenceWeb.Tests/bin/Release/net10.0/InferenceWeb.Tests.dll" adapterTypeName="executor://xunit/VsTestRunner3/netcore/" className="InferenceWeb.Tests.ModelLoadRefusalTests" name="Refusals_AreClassifiedWithTheirMessage" />
    </UnitTest>
    <UnitTest name="InferenceWeb.Tests.ModelLoadRefusalTests.TheErrorLineIsOneLine" storage="/workspace/ts-codex-branch-completion-20260917/repo/inferenceweb.tests/bin/release/net10.0/inferenceweb.tests.dll" id="f8c3f092-f33a-7206-9f5b-182d6cdda3c0">
      <Execution id="df753888-069a-4d36-93a1-d8e9982f9d99" />
      <TestMethod codeBase="/workspace/ts-codex-branch-completion-20260917/repo/InferenceWeb.Tests/bin/Release/net10.0/InferenceWeb.Tests.dll" adapterTypeName="executor://xunit/VsTestRunner3/netcore/" className="InferenceWeb.Tests.ModelLoadRefusalTests" name="TheErrorLineIsOneLine" />
    </UnitTest>
  </TestDefinitions>
  <TestEntries>
    <TestEntry testId="3bd19bc9-1a29-1f0b-9b63-4678b5b281c2" executionId="d9dcc92c-8cd2-4604-8e0f-843819109a94" testListId="8c84fa94-04c1-424b-9868-57a2d4851a1d" />
    <TestEntry testId="5287e8f7-a0b7-7929-226f-ae15aa5bff61" executionId="1c2ea21d-2e8c-4b6f-be1b-7d8307c98c56" testListId="8c84fa94-04c1-424b-9868-57a2d4851a1d" />
    <TestEntry testId="3bd19bc9-1a29-1f0b-9b63-4678b5b281c2" executionId="90ced960-de74-4d6b-8a52-2008a3bd2ca1" testListId="8c84fa94-04c1-424b-9868-57a2d4851a1d" />
    <TestEntry testId="c6d1e577-7ef9-e8bd-ee01-060aef8d70ab" executionId="12aca49e-79c8-41fc-8be4-248b8b84bb32" testListId="8c84fa94-04c1-424b-9868-57a2d4851a1d" />
    <TestEntry testId="7bcff8d6-c032-ce53-e433-6c8c9c959a92" executionId="ec2d8b40-43cd-46bf-9432-d9e043f8eb22" testListId="8c84fa94-04c1-424b-9868-57a2d4851a1d" />
    <TestEntry testId="924c9cd8-af41-3572-4327-ddf9176d9cd1" executionId="3e43192f-9733-41a6-9c33-6a5b89943de9" testListId="8c84fa94-04c1-424b-9868-57a2d4851a1d" />
    <TestEntry testId="1f50c935-b100-e37c-301c-05a9d9939852" executionId="bea11d0b-cdb7-4753-ace1-0f73fbfab5ec" testListId="8c84fa94-04c1-424b-9868-57a2d4851a1d" />
    <TestEntry testId="8502e6db-17cf-38d8-1521-f0bfff50a677" executionId="649ae590-dbf2-418a-88c5-e6e154e351cf" testListId="8c84fa94-04c1-424b-9868-57a2d4851a1d" />
    <TestEntry testId="f8c3f092-f33a-7206-9f5b-182d6cdda3c0" executionId="df753888-069a-4d36-93a1-d8e9982f9d99" testListId="8c84fa94-04c1-424b-9868-57a2d4851a1d" />
    <TestEntry testId="3bd19bc9-1a29-1f0b-9b63-4678b5b281c2" executionId="143b553a-5ef5-4b40-bce6-d14a450634c6" testListId="8c84fa94-04c1-424b-9868-57a2d4851a1d" />
    <TestEntry testId="c06b5f4f-2745-88fe-47f7-e7e49fa67b0c" executionId="ceff1bd0-d5f8-48a0-9b4c-81f1f3c902c9" testListId="8c84fa94-04c1-424b-9868-57a2d4851a1d" />
    <TestEntry testId="01c519c5-545d-784f-00a2-ae5dcbf75c6a" executionId="f654b588-aa07-4e58-9ee3-390d2caaa4be" testListId="8c84fa94-04c1-424b-9868-57a2d4851a1d" />
    <TestEntry testId="6ccfe8db-656a-b038-e7ef-e75d8e84d986" executionId="53963608-a442-4569-9373-a494efb0d111" testListId="8c84fa94-04c1-424b-9868-57a2d4851a1d" />
    <TestEntry testId="8502e6db-17cf-38d8-1521-f0bfff50a677" executionId="cd4bbd00-10ec-4a03-a219-333065d9a18e" testListId="8c84fa94-04c1-424b-9868-57a2d4851a1d" />
    <TestEntry testId="b8e2b9cc-fb50-bf7c-3937-41ddd08f703d" executionId="20e04734-7783-414d-900b-b9398b9f0646" testListId="8c84fa94-04c1-424b-9868-57a2d4851a1d" />
    <TestEntry testId="3bd19bc9-1a29-1f0b-9b63-4678b5b281c2" executionId="6aedfff0-ee0f-452f-bd76-c587337c629b" testListId="8c84fa94-04c1-424b-9868-57a2d4851a1d" />
    <TestEntry testId="fc4fa828-2ed3-494c-b70c-61e8a55122dc" executionId="81b8deb6-be0a-49af-b70c-1b6265cec85f" testListId="8c84fa94-04c1-424b-9868-57a2d4851a1d" />
    <TestEntry testId="6cf02ed7-13c7-d46a-41c2-6bce295be109" executionId="07a0399b-e18b-48e6-8eb6-bb58251c9ffa" testListId="8c84fa94-04c1-424b-9868-57a2d4851a1d" />
    <TestEntry testId="3bd19bc9-1a29-1f0b-9b63-4678b5b281c2" executionId="41400d1e-dc60-4386-a86c-2794ebe99d85" testListId="8c84fa94-04c1-424b-9868-57a2d4851a1d" />
    <TestEntry testId="5ed651af-325f-6f8b-de8c-a6e41462c89c" executionId="08b54efe-cd30-43a5-9227-26a9b6bd710f" testListId="8c84fa94-04c1-424b-9868-57a2d4851a1d" />
    <TestEntry testId="18127525-680c-ed8b-6eba-51b8c83021bd" executionId="973da113-5dc0-420d-b529-e0fcd186023e" testListId="8c84fa94-04c1-424b-9868-57a2d4851a1d" />
    <TestEntry testId="8502e6db-17cf-38d8-1521-f0bfff50a677" executionId="a983f6cc-4234-4086-ab80-e7b3b3f04634" testListId="8c84fa94-04c1-424b-9868-57a2d4851a1d" />
    <TestEntry testId="f3c8536b-320e-2918-40cd-6df821cbad9b" executionId="d357df60-7dea-4fcb-95f0-b921b61762ca" testListId="8c84fa94-04c1-424b-9868-57a2d4851a1d" />
    <TestEntry testId="b68b1cca-a425-f00e-d7d3-080e0f0e85d0" executionId="b56ff3ee-9d5f-4c7e-a0d6-07bedc3ab7b6" testListId="8c84fa94-04c1-424b-9868-57a2d4851a1d" />
    <TestEntry testId="f045a280-8c90-53f6-0d46-0c5399459b93" executionId="e7a3d1c7-ab4b-4eba-aea1-a9acc718f249" testListId="8c84fa94-04c1-424b-9868-57a2d4851a1d" />
    <TestEntry testId="ea32e3c2-403b-0131-1612-6b4b3c4e4dc1" executionId="cef1b540-516f-40eb-bf39-26bc9dddf815" testListId="8c84fa94-04c1-424b-9868-57a2d4851a1d" />
    <TestEntry testId="53012f10-5c5a-17f8-8309-bab81bb3ebf1" executionId="481f88b2-a856-48dd-ac21-9c5cf0d32e24" testListId="8c84fa94-04c1-424b-9868-57a2d4851a1d" />
    <TestEntry testId="ece2f74b-c610-0c59-74c1-1cb9c51c249d" executionId="153b0ca7-c4f3-436b-a656-6707db881f55" testListId="8c84fa94-04c1-424b-9868-57a2d4851a1d" />
    <TestEntry testId="8502e6db-17cf-38d8-1521-f0bfff50a677" executionId="ca8d0661-76e1-4174-b079-8b822ba12702" testListId="8c84fa94-04c1-424b-9868-57a2d4851a1d" />
    <TestEntry testId="c7f6e8cb-6495-b917-4eb9-76b7794a249a" executionId="a0d82d3c-11c7-4c71-978b-ea13633489f9" testListId="8c84fa94-04c1-424b-9868-57a2d4851a1d" />
    <TestEntry testId="337b4e91-4a69-2f84-1cd5-ad5f8031e0bd" executionId="77bf4af6-1947-4664-b439-8a9e444359c3" testListId="8c84fa94-04c1-424b-9868-57a2d4851a1d" />
    <TestEntry testId="8502e6db-17cf-38d8-1521-f0bfff50a677" executionId="0b1c4364-2674-410f-a84c-0b6de15a7e57" testListId="8c84fa94-04c1-424b-9868-57a2d4851a1d" />
    <TestEntry testId="29cc7f6f-4c39-dde6-f468-11461dfb3fe6" executionId="19d257c0-3d38-4090-9dec-238b9052d84e" testListId="8c84fa94-04c1-424b-9868-57a2d4851a1d" />
    <TestEntry testId="025efe8c-bfa8-a559-fa89-16175b48f2d3" executionId="92716ea9-f40f-4960-b2f0-8b36809ca639" testListId="8c84fa94-04c1-424b-9868-57a2d4851a1d" />
    <TestEntry testId="ff92236f-1904-62c4-e0b5-c7c1c1916e12" executionId="f28ef93c-cbda-4dc7-8a63-1da1d978e23d" testListId="8c84fa94-04c1-424b-9868-57a2d4851a1d" />
    <TestEntry testId="310acda7-caba-de58-375d-230c1b572ebf" executionId="f751978a-f906-4be8-b013-cdaf3114a365" testListId="8c84fa94-04c1-424b-9868-57a2d4851a1d" />
    <TestEntry testId="3bd19bc9-1a29-1f0b-9b63-4678b5b281c2" executionId="72b003bb-05b3-4d2e-bce3-ca2ef3308770" testListId="8c84fa94-04c1-424b-9868-57a2d4851a1d" />
    <TestEntry testId="20d3dfb4-2165-afd2-ad27-e3696441b95f" executionId="d3799d61-b539-4650-873b-d37bda854cd6" testListId="8c84fa94-04c1-424b-9868-57a2d4851a1d" />
    <TestEntry testId="0bed7b7c-7bef-d389-8521-70f3528fc0be" executionId="fb394cb4-add6-4ab0-9041-e745e00705c2" testListId="8c84fa94-04c1-424b-9868-57a2d4851a1d" />
    <TestEntry testId="3f0d818b-b185-89cf-cd5d-23f661d6d542" executionId="83cbbed7-0061-4a3e-b5c2-2af6b5c884d6" testListId="8c84fa94-04c1-424b-9868-57a2d4851a1d" />
    <TestEntry testId="ef51808f-6669-5995-b626-88222d60185d" executionId="3bfab3ec-f09c-4a32-a0dd-582faeeede3e" testListId="8c84fa94-04c1-424b-9868-57a2d4851a1d" />
  </TestEntries>
  <TestLists>
    <TestList name="Results Not in a List" id="8c84fa94-04c1-424b-9868-57a2d4851a1d" />
    <TestList name="All Loaded Results" id="19431567-8539-422a-85d7-44ee4e166bda" />
  </TestLists>
  <ResultSummary outcome="Completed">
    <Counters total="41" executed="41" passed="41" failed="0" error="0" timeout="0" aborted="0" inconclusive="0" passedButRunAborted="0" notRunnable="0" notExecuted="0" disconnected="0" warning="0" completed="0" inProgress="0" pending="0" />
    <Output>
      <StdOut>[xUnit.net 00:00:00.00] xUnit.net VSTest Adapter v3.1.4+50e68bbb8b (64-bit .NET 10.0.12)
[xUnit.net 00:00:00.39]   Discovering: InferenceWeb.Tests
ggml_cuda_init: found 3 CUDA devices (Total VRAM: 136494 MiB):
  Device 0: NVIDIA A40, compute capability 8.6, VMM: yes, VRAM: 45498 MiB
  Device 1: NVIDIA A40, compute capability 8.6, VMM: yes, VRAM: 45498 MiB
  Device 2: NVIDIA A40, compute capability 8.6, VMM: yes, VRAM: 45498 MiB
[xUnit.net 00:00:02.51]   Discovered:  InferenceWeb.Tests
[xUnit.net 00:00:02.58]   Starting:    InferenceWeb.Tests
[TensorSharp] warning: CUDA0 has no flash-attention kernel for paged attention (K head 16, V head 16, KV rows 64, query rows 4, heads 4/2, K/V f32/f32, mask yes); running this attention as explicit F32 mul_mat + soft_max instead (same math, slower, more memory). Reported once per call site.
[glm] glm-dsa: 4 trunk layers (NextN block present but not loaded; --spec loads it), n_embd=64, 4 heads, MLA(q_lora=32, kv_lora=32, head_k=48, head_v=48, rope=16), 8 experts top-2 (ff=32), dense_lead=1, indexer 8x64 top-8 on 4/4 layers, vocab=128
[glm] loaded 0.0 GiB across 1 GPU(s) in 1.6s (0.00 GiB/s); n_ctx=256, n_ubatch=16, flash_attn=off, fused_indexer=off
[glm]   device 0: layers 0..3 (4), 44.2 GiB free after load
[glm] glm-dsa: 4 trunk layers (NextN block present but not loaded; --spec loads it), n_embd=64, 4 heads, MLA(q_lora=32, kv_lora=32, head_k=48, head_v=48, rope=16), 8 experts top-2 (ff=32), dense_lead=1, indexer 8x64 top-8 on 4/4 layers, vocab=128
[glm] loaded 0.0 GiB across 2 GPU(s) in 0.2s (0.01 GiB/s); n_ctx=256, n_ubatch=16, flash_attn=off, fused_indexer=off
[glm]   device 0: layers 0..1 (2), 44.1 GiB free after load
[glm]   device 1: layers 2..3 (2), 44.2 GiB free after load
[glm] glm-dsa: 4 trunk layers (NextN block present but not loaded; --spec loads it), n_embd=64, 4 heads, MLA(q_lora=32, kv_lora=32, head_k=48, head_v=48, rope=16), 8 experts top-2 (ff=32), dense_lead=1, indexer 8x64 top-8 on 4/4 layers, vocab=128
[glm] loaded 0.0 GiB across 3 GPU(s) in 0.2s (0.01 GiB/s); n_ctx=256, n_ubatch=16, flash_attn=off, fused_indexer=off
[glm]   device 0: layers 0..1 (2), 44.1 GiB free after load
[glm]   device 1: layers 2..2 (1), 44.1 GiB free after load
[glm]   device 2: layers 3..3 (1), 44.2 GiB free after load
Backend: Cpu
Backend: Cpu
Backend: Cpu
Backend: Cpu
Backend: Cpu
Backend: Cpu
Backend: Cpu
[xUnit.net 00:00:19.16]   Finished:    InferenceWeb.Tests
</StdOut>
    </Output>
  </ResultSummary>
</TestRun>