<?xml version="1.0" encoding="utf-8"?>
<TestRun id="a24c6d83-7bba-4f2f-b34d-d5c2ab6d2449" name="@d71188ba1e2e 2026-09-17 14:39:45" xmlns="http://microsoft.com/schemas/VisualStudio/TeamTest/2010">
  <Times creation="2026-09-17T14:39:45.5597175+00:00" queuing="2026-09-17T14:39:45.5597176+00:00" start="2026-09-17T14:39:28.2235903+00:00" finish="2026-09-17T14:40:39.7474224+00:00" />
  <TestSettings name="default" id="6d426a9a-b0fb-4541-b343-7a2e4714b780">
    <Deployment runDeploymentRoot="_d71188ba1e2e_2026-09-17_14_39_45" />
  </TestSettings>
  <Results>
    <UnitTestResult executionId="70237e22-f123-48bc-bcad-4ce3b2dfa9a4" testId="5da18395-3b4e-febd-b476-1c4a7051b563" testName="InferenceWeb.Tests.Qwen35ImageFollowUpExactnessTests.ReuseAfterAnImage_MatchesColdPrefill" computerName="d71188ba1e2e" duration="00:00:26.8314673" startTime="2026-09-17T14:40:08.0730935+00:00" endTime="2026-09-17T14:40:34.9007128+00:00" testType="13cdc9d9-ddb5-4fa4-a97d-d965ccfc6d4b" outcome="Passed" testListId="8c84fa94-04c1-424b-9868-57a2d4851a1d" relativeResultsDirectory="70237e22-f123-48bc-bcad-4ce3b2dfa9a4">
      <Output>
        <StdOut>model Qwen3.5-9B-Q8_0.gguf + mmproj-F16.gguf on GgmlCuda, image /tmp/q35-img-exact-d7c8360169f14e87971aa0708e56fc32/scene.png, loaded in 7.0s
[reuse t1] prompt 35 reused 0 (0.0%): Red\nBlue\nYellow
[reuse t2] prompt 203 reused 41 (20.2%): A simple, flat-style illustration depicts a house with a red body and a brown roof sitting on a green field. A
[reuse t3] prompt 256 reused 227 (88.7%): The most prominent color is light blue, which fills the entire background as the sky.
[reuse t4] prompt 296 reused 274 (92.6%): **Sunny Day House**
[cold  t1] Red\nBlue\nYellow
[cold  t2] A simple, flat-style illustration depicts a house with a red body and a brown roof sitting on a green field. A
[cold  t3] &lt;think&gt;\n\n&lt;/think&gt;\n\nThe most prominent color is light blue, which fills the sky and covers the majority of the image's
[engine t3] reused and cold greedy tokens first differ at step 0
[cold  t4] **Sunny Day House**
[direct image t2] suffix 164 tokens, max |dlogit| / cold top-2 margin per step: 0.566/0.40 0.386/3.99 0.341/0.37 0.308/0.62 0.317/0.61 0.249/2.64 0.247/2.07 0.325/8.75 0.282/1.64 0.255/4.38 0.227/5.86 0.342/1.99 0.336/2.98 0.241/3.28 0.256/0.08 0.313/4.96 0.236/1.05 0.311/0.55 0.308/4.02 0.239/1.84 0.258/6.57 0.248/1.33 0.258/1.41 0.297/0.20
[direct image t3] suffix 30 tokens, max |dlogit| / cold top-2 margin per step: 0.695/0.09
[direct image t4] suffix 24 tokens, max |dlogit| / cold top-2 margin per step: 0.330/0.25 0.391/0.31 0.288/9.56 0.259/1.36 0.324/0.06 0.299/8.71 0.285/7.46 0.935/17.45 1.148/15.13 0.347/6.98 0.820/6.97 0.766/4.18 0.518/0.94 1.136/1.23 1.164/0.76 0.945/11.98 1.580/7.21 1.938/17.45 1.362/6.83 1.213/1.31 0.848/1.99 0.329/8.51 0.385/3.32 0.384/2.83
[direct text control t2] suffix 22 tokens, max |dlogit| / cold top-2 margin per step: 0.256/3.93 0.263/5.11 0.247/2.25 0.324/13.17 0.238/5.92 0.245/5.91 0.207/5.53 0.249/9.72 0.209/1.36 0.252/0.38 0.250/3.51 0.235/0.43 0.253/0.50 0.243/7.39 0.219/1.57 0.197/9.64 0.224/7.42 0.289/2.02 0.325/6.94 0.301/11.43 0.291/1.82 0.316/9.77 0.230/3.26 0.246/4.28
[direct text control t3] suffix 22 tokens, max |dlogit| / cold top-2 margin per step: 0.218/0.40 0.234/1.25 0.254/12.50 0.253/3.71 0.270/0.61 0.248/1.23 0.188/2.63 0.196/8.90 0.205/1.10 0.233/6.89 0.414/7.87 0.279/1.25 0.437/10.64 0.449/4.73 0.443/2.75 0.218/0.37 0.625/12.58 0.371/2.26 0.211/5.94 0.534/4.89 0.248/5.28 0.199/1.07 0.247/3.44 0.358/11.51
[direct text control t4] suffix 22 tokens, max |dlogit| / cold top-2 margin per step: 0.225/1.63 0.310/11.40 0.247/2.41 0.248/1.15 0.285/2.29 0.257/1.63 0.232/0.92 0.432/10.30 0.310/6.49 0.229/5.52 0.211/0.17 0.189/3.84 0.590/9.49 0.352/1.22 0.457/10.58 0.340/6.07 0.259/3.00 0.204/5.38 0.369/10.78 0.271/7.62 0.238/0.82 0.465/4.45 0.401/11.96 0.924/7.14
[direct] worst max |dlogit|: image 1.93768, text control 0.92432 (ratio 2.10, allowed 4); tolerance 3
[tie] turn 3 step 0: cold top-2 margin 0.0941 &lt; max |dlogit| 0.6952
[checkpoint] 58.4 MB file through an image; restored decode max |dlogit| 0.00000 over 6 steps; version-1 file refused</StdOut>
      </Output>
    </UnitTestResult>
    <UnitTestResult executionId="a3b3b7c4-0b01-41d9-813e-a646d32ad0f8" testId="98f159c0-4bed-e28c-815f-45397212f705" testName="InferenceWeb.Tests.Qwen35ConvScratchTests.APrimaryCacheThatNeverDecoded_DecodesAfterAHolderDid" computerName="d71188ba1e2e" duration="00:00:04.6360330" startTime="2026-09-17T14:40:34.9048494+00:00" endTime="2026-09-17T14:40:39.5400440+00:00" testType="13cdc9d9-ddb5-4fa4-a97d-d965ccfc6d4b" outcome="Passed" testListId="8c84fa94-04c1-424b-9868-57a2d4851a1d" relativeResultsDirectory="a3b3b7c4-0b01-41d9-813e-a646d32ad0f8">
      <Output>
        <StdOut>primary decode vs holder decode: max |dlogit| 0</StdOut>
      </Output>
    </UnitTestResult>
    <UnitTestResult executionId="8ea0aa3e-f35c-4dd7-a555-b4ef3260da61" testId="fa6b1efc-bb12-bfde-2467-dfd2f4ea6ff9" testName="InferenceWeb.Tests.Qwen35ImageFollowUpExactnessTests.ConcurrentReuseAfterAnImage_MatchesColdPrefill" computerName="d71188ba1e2e" duration="00:00:22.5906148" startTime="2026-09-17T14:39:45.5326871+00:00" endTime="2026-09-17T14:40:08.0661500+00:00" testType="13cdc9d9-ddb5-4fa4-a97d-d965ccfc6d4b" outcome="Passed" testListId="8c84fa94-04c1-424b-9868-57a2d4851a1d" relativeResultsDirectory="8ea0aa3e-f35c-4dd7-a555-b4ef3260da61">
      <Output>
        <StdOut>model Qwen3.5-9B-Q8_0.gguf + mmproj-F16.gguf on GgmlCuda, image /tmp/q35-img-exact-7db5073193034d13b238c7f1b4f70fff/scene.png, loaded in 8.4s
[concurrent t1] image prompt 35 reused 0: Red\nBlue\nYellow
[concurrent t1] text  prompt 346 reused 0: The Volga, the Danube, and the Rhine are three major rivers in Europe.
[concurrent t2] image prompt 651 reused 0: A simple, colorful illustration depicts a house with a red body and a brown roof, situated on a green field. A
[concurrent t2] text  prompt 386 reused 366: The Volga is the longest river among the three, with a length of approximately 3,690 kilometres.
[concurrent t3] image prompt 704 reused 675: &lt;think&gt;\n\n&lt;/think&gt;\n\nThe most prominent color is light blue, which fills the sky and covers the majority of the image's
[concurrent t3] text  prompt 431 reused 410: Volgograd is a city located on the Volga River.
[concurrent t4] image prompt 751 reused 728: &lt;think&gt;\n\n&lt;/think&gt;\n\n**Sunny Day House**
[concurrent t4] text  prompt 465 reused 445: Volgograd was formerly known as Stalingrad before being renamed in 1961.
[concurrent] arena batched decode steps: 54
[tie] image turn 3 step 0: cold top-2 margin 0.2281 &lt; GgmlCuda tolerance 3; the rest of this request is not compared
[tie] text turn 3 step 0: cold top-2 margin 0.0406 &lt; GgmlCuda tolerance 3; the rest of this request is not compared
[tie] image turn 4 step 5: cold top-2 margin 0.0165 &lt; GgmlCuda tolerance 3; the rest of this request is not compared</StdOut>
      </Output>
    </UnitTestResult>
    <UnitTestResult executionId="2b7bac5e-b8ef-429f-9961-f4a11cb87737" testId="5370bfc2-ad2c-15e5-6609-013715541133" testName="InferenceWeb.Tests.Qwen35InjectKVBlockRefusalTests.RefusedPayloads_LeaveTheModelUntouched_AndAGoodOneStillInjects" computerName="d71188ba1e2e" duration="00:00:12.8850448" startTime="2026-09-17T14:39:32.6127009+00:00" endTime="2026-09-17T14:39:45.4684930+00:00" testType="13cdc9d9-ddb5-4fa4-a97d-d965ccfc6d4b" outcome="Passed" testListId="8c84fa94-04c1-424b-9868-57a2d4851a1d" relativeResultsDirectory="2b7bac5e-b8ef-429f-9961-f4a11cb87737">
      <Output>
        <StdOut>model Qwen3.5-9B-Q8_0.gguf on GgmlCuda
refused, state unchanged: truncated by one byte
refused, state unchanged: missing the M-RoPE delta
refused, state unchanged: one byte too long
refused, state unchanged: empty
refused, state unchanged: a delta that puts the next token at a negative position
refused, state unchanged: not appended at the cache end
refused, state unchanged: past the cache end
after inject, next-token max |dlogit| vs a straight run: 0.1606</StdOut>
      </Output>
    </UnitTestResult>
  </Results>
  <TestDefinitions>
    <UnitTest name="InferenceWeb.Tests.Qwen35InjectKVBlockRefusalTests.RefusedPayloads_LeaveTheModelUntouched_AndAGoodOneStillInjects" storage="/workspace/ts-codex-branch-completion-20260917/repo/inferenceweb.tests/bin/release/net10.0/inferenceweb.tests.dll" id="5370bfc2-ad2c-15e5-6609-013715541133">
      <Execution id="2b7bac5e-b8ef-429f-9961-f4a11cb87737" />
      <TestMethod codeBase="/workspace/ts-codex-branch-completion-20260917/repo/InferenceWeb.Tests/bin/Release/net10.0/InferenceWeb.Tests.dll" adapterTypeName="executor://xunit/VsTestRunner3/netcore/" className="InferenceWeb.Tests.Qwen35InjectKVBlockRefusalTests" name="RefusedPayloads_LeaveTheModelUntouched_AndAGoodOneStillInjects" />
    </UnitTest>
    <UnitTest name="InferenceWeb.Tests.Qwen35ImageFollowUpExactnessTests.ReuseAfterAnImage_MatchesColdPrefill" storage="/workspace/ts-codex-branch-completion-20260917/repo/inferenceweb.tests/bin/release/net10.0/inferenceweb.tests.dll" id="5da18395-3b4e-febd-b476-1c4a7051b563">
      <Execution id="70237e22-f123-48bc-bcad-4ce3b2dfa9a4" />
      <TestMethod codeBase="/workspace/ts-codex-branch-completion-20260917/repo/InferenceWeb.Tests/bin/Release/net10.0/InferenceWeb.Tests.dll" adapterTypeName="executor://xunit/VsTestRunner3/netcore/" className="InferenceWeb.Tests.Qwen35ImageFollowUpExactnessTests" name="ReuseAfterAnImage_MatchesColdPrefill" />
    </UnitTest>
    <UnitTest name="InferenceWeb.Tests.Qwen35ImageFollowUpExactnessTests.ConcurrentReuseAfterAnImage_MatchesColdPrefill" storage="/workspace/ts-codex-branch-completion-20260917/repo/inferenceweb.tests/bin/release/net10.0/inferenceweb.tests.dll" id="fa6b1efc-bb12-bfde-2467-dfd2f4ea6ff9">
      <Execution id="8ea0aa3e-f35c-4dd7-a555-b4ef3260da61" />
      <TestMethod codeBase="/workspace/ts-codex-branch-completion-20260917/repo/InferenceWeb.Tests/bin/Release/net10.0/InferenceWeb.Tests.dll" adapterTypeName="executor://xunit/VsTestRunner3/netcore/" className="InferenceWeb.Tests.Qwen35ImageFollowUpExactnessTests" name="ConcurrentReuseAfterAnImage_MatchesColdPrefill" />
    </UnitTest>
    <UnitTest name="InferenceWeb.Tests.Qwen35ConvScratchTests.APrimaryCacheThatNeverDecoded_DecodesAfterAHolderDid" storage="/workspace/ts-codex-branch-completion-20260917/repo/inferenceweb.tests/bin/release/net10.0/inferenceweb.tests.dll" id="98f159c0-4bed-e28c-815f-45397212f705">
      <Execution id="a3b3b7c4-0b01-41d9-813e-a646d32ad0f8" />
      <TestMethod codeBase="/workspace/ts-codex-branch-completion-20260917/repo/InferenceWeb.Tests/bin/Release/net10.0/InferenceWeb.Tests.dll" adapterTypeName="executor://xunit/VsTestRunner3/netcore/" className="InferenceWeb.Tests.Qwen35ConvScratchTests" name="APrimaryCacheThatNeverDecoded_DecodesAfterAHolderDid" />
    </UnitTest>
  </TestDefinitions>
  <TestEntries>
    <TestEntry testId="5da18395-3b4e-febd-b476-1c4a7051b563" executionId="70237e22-f123-48bc-bcad-4ce3b2dfa9a4" testListId="8c84fa94-04c1-424b-9868-57a2d4851a1d" />
    <TestEntry testId="98f159c0-4bed-e28c-815f-45397212f705" executionId="a3b3b7c4-0b01-41d9-813e-a646d32ad0f8" testListId="8c84fa94-04c1-424b-9868-57a2d4851a1d" />
    <TestEntry testId="fa6b1efc-bb12-bfde-2467-dfd2f4ea6ff9" executionId="8ea0aa3e-f35c-4dd7-a555-b4ef3260da61" testListId="8c84fa94-04c1-424b-9868-57a2d4851a1d" />
    <TestEntry testId="5370bfc2-ad2c-15e5-6609-013715541133" executionId="2b7bac5e-b8ef-429f-9961-f4a11cb87737" testListId="8c84fa94-04c1-424b-9868-57a2d4851a1d" />
  </TestEntries>
  <TestLists>
    <TestList name="Results Not in a List" id="8c84fa94-04c1-424b-9868-57a2d4851a1d" />
    <TestList name="All Loaded Results" id="19431567-8539-422a-85d7-44ee4e166bda" />
  </TestLists>
  <ResultSummary outcome="Completed">
    <Counters total="4" executed="4" passed="4" failed="0" error="0" timeout="0" aborted="0" inconclusive="0" passedButRunAborted="0" notRunnable="0" notExecuted="0" disconnected="0" warning="0" completed="0" inProgress="0" pending="0" />
    <Output>
      <StdOut>[xUnit.net 00:00:00.00] xUnit.net VSTest Adapter v3.1.4+50e68bbb8b (64-bit .NET 10.0.12)
[xUnit.net 00:00:00.47]   Discovering: InferenceWeb.Tests
ggml_cuda_init: found 1 CUDA devices (Total VRAM: 45498 MiB):
  Device 0: NVIDIA A40, compute capability 8.6, VMM: yes, VRAM: 45498 MiB
[xUnit.net 00:00:03.05]   Discovered:  InferenceWeb.Tests
[xUnit.net 00:00:03.16]   Starting:    InferenceWeb.Tests
Backend: GgmlCuda
Model: qwen35, Layers=32, Hidden=4096, Heads=16, KVHeads=4, HeadDim=256, Vocab=248320
RoPE base=10000000, scale=1, eps=1E-06
SSM: dInner=4096, dState=128, nGroup=16, dtRank=32, convKernel=4, fullAttnInterval=4
MRoPE sections: [11, 11, 10, 0]
Layer types: 8 full attention, 24 recurrent (GatedDeltaNet)
  Prefaulted GGUF page cache: 8.9 GiB with 16 read streams in 5.4s (1.64 GiB/s)
Loading model weights... done (177 F32 tensors, 250 quantized tensors)
  Quantized: 9071 MB (9071 MB file-backed), F32: 4 MB
  Fused projections: 8 Q+K+V
  Fused projections: 24 recurrent input packs
  Fused projections: 32 Gate+Up
  Device-resident quantized weights: 10302 MB across 226 tensors
Context length: using MAX_CONTEXT=8192; model declares qwen35.context_length=262144.
Backend: GgmlCuda
Model: qwen35, Layers=32, Hidden=4096, Heads=16, KVHeads=4, HeadDim=256, Vocab=248320
RoPE base=10000000, scale=1, eps=1E-06
SSM: dInner=4096, dState=128, nGroup=16, dtRank=32, convKernel=4, fullAttnInterval=4
MRoPE sections: [11, 11, 10, 0]
Layer types: 8 full attention, 24 recurrent (GatedDeltaNet)
Loading model weights... done (177 F32 tensors, 250 quantized tensors)
  Quantized: 9071 MB (9071 MB file-backed), F32: 4 MB
  Fused projections: 8 Q+K+V
  Fused projections: 24 recurrent input packs
  Fused projections: 32 Gate+Up
  Device-resident quantized weights: 10302 MB across 226 tensors
Context length: using MAX_CONTEXT=8192; model declares qwen35.context_length=262144.
Qwen3.5 Vision encoder: imageSize=768, patchSize=16, hidden=1152, intermediate=4304, heads=16, blocks=27, projDim=4096, mergeSize=2, gridPerSide=48, ropeTheta=10000
Loading vision encoder weights... done (334 tensors)
 done
  Vision encode: 2173 ms total (patchEmbed 139 ms, blocks 499 ms, proj 1503 ms), 2352 patches -&gt; 588 tokens
  Injected 588 vision embeddings at position 46
  Injected 588 vision embeddings at position 46
  Injected 588 vision embeddings at position 46
  Injected 588 vision embeddings at position 46
  Injected 588 vision embeddings at position 46
  Injected 588 vision embeddings at position 46
Backend: GgmlCuda
Model: qwen35, Layers=32, Hidden=4096, Heads=16, KVHeads=4, HeadDim=256, Vocab=248320
RoPE base=10000000, scale=1, eps=1E-06
SSM: dInner=4096, dState=128, nGroup=16, dtRank=32, convKernel=4, fullAttnInterval=4
MRoPE sections: [11, 11, 10, 0]
Layer types: 8 full attention, 24 recurrent (GatedDeltaNet)
Loading model weights... done (177 F32 tensors, 250 quantized tensors)
  Quantized: 9071 MB (9071 MB file-backed), F32: 4 MB
  Fused projections: 8 Q+K+V
  Fused projections: 24 recurrent input packs
  Fused projections: 32 Gate+Up
  Device-resident quantized weights: 10302 MB across 226 tensors
Context length: using MAX_CONTEXT=8192; model declares qwen35.context_length=262144.
Qwen3.5 Vision encoder: imageSize=768, patchSize=16, hidden=1152, intermediate=4304, heads=16, blocks=27, projDim=4096, mergeSize=2, gridPerSide=48, ropeTheta=10000
Loading vision encoder weights... done (334 tensors)
 done
  Vision encode: 1998 ms total (patchEmbed 36 ms, blocks 473 ms, proj 1478 ms), 560 patches -&gt; 140 tokens
  Injected 140 vision embeddings at position 5
  Injected 140 vision embeddings at position 46
  Injected 140 vision embeddings at position 46
  Injected 140 vision embeddings at position 46
  Injected 140 vision embeddings at position 46
  Injected 140 vision embeddings at position 7
  Injected 140 vision embeddings at position 46
  Injected 140 vision embeddings at position 46
  Injected 140 vision embeddings at position 46
  Injected 140 vision embeddings at position 46
  Injected 140 vision embeddings at position 46
Backend: GgmlCuda
Model: qwen35, Layers=32, Hidden=4096, Heads=16, KVHeads=4, HeadDim=256, Vocab=248320
RoPE base=10000000, scale=1, eps=1E-06
SSM: dInner=4096, dState=128, nGroup=16, dtRank=32, convKernel=4, fullAttnInterval=4
MRoPE sections: [11, 11, 10, 0]
Layer types: 8 full attention, 24 recurrent (GatedDeltaNet)
Loading model weights... done (177 F32 tensors, 250 quantized tensors)
  Quantized: 9071 MB (9071 MB file-backed), F32: 4 MB
  Fused projections: 8 Q+K+V
  Fused projections: 24 recurrent input packs
  Fused projections: 32 Gate+Up
  Device-resident quantized weights: 10302 MB across 226 tensors
Context length: using MAX_CONTEXT=8192; model declares qwen35.context_length=262144.
[xUnit.net 00:01:10.16]   Finished:    InferenceWeb.Tests
</StdOut>
    </Output>
  </ResultSummary>
</TestRun>