<?xml version="1.0" encoding="utf-8"?>
<TestRun id="cf4d1a77-7072-4d1a-b294-38f4e3767168" name="@Zhongkais-MacBook-Pro 2026-09-16 10:34:50" xmlns="http://microsoft.com/schemas/VisualStudio/TeamTest/2010">
  <Times creation="2026-09-16T10:34:50.6998960-07:00" queuing="2026-09-16T10:34:50.6998960-07:00" start="2026-09-16T10:34:47.5004150-07:00" finish="2026-09-16T10:34:54.4039860-07:00" />
  <TestSettings name="default" id="0dc1973c-64c2-48ac-b9db-4af9413fee00">
    <Deployment runDeploymentRoot="_Zhongkais-MacBook-Pro_2026-09-16_10_34_50" />
  </TestSettings>
  <Results>
    <UnitTestResult executionId="0ce19133-6f5a-4036-b954-0760d23e394a" testId="a0c5d962-615d-a885-c709-5b4b048f177c" testName="InferenceWeb.Tests.Qwen4ExpRetainedCachePolicyTests.Qwen4Exp_AdvertisesExactPrefixReuseOnly" computerName="Zhongkais-MacBook-Pro" duration="00:00:00.0000844" startTime="2026-09-16T10:34:54.3793340-07:00" endTime="2026-09-16T10:34:54.3794710-07:00" testType="13cdc9d9-ddb5-4fa4-a97d-d965ccfc6d4b" outcome="Passed" testListId="8c84fa94-04c1-424b-9868-57a2d4851a1d" relativeResultsDirectory="0ce19133-6f5a-4036-b954-0760d23e394a" />
    <UnitTestResult executionId="f58c7599-1052-4fb4-8a2f-e1cfc356a557" testId="d7ae0da4-feb7-ab0a-f656-37f0da54095a" testName="InferenceWeb.Tests.Qwen4ExpRetainedCacheTests.SharedPrefixChunking_MatchesWholePromptForEachDistinctSuffix" computerName="Zhongkais-MacBook-Pro" duration="00:00:00.2467315" startTime="2026-09-16T10:34:53.3230000-07:00" endTime="2026-09-16T10:34:53.5696560-07:00" testType="13cdc9d9-ddb5-4fa4-a97d-d965ccfc6d4b" outcome="Passed" testListId="8c84fa94-04c1-424b-9868-57a2d4851a1d" relativeResultsDirectory="f58c7599-1052-4fb4-8a2f-e1cfc356a557">
      <Output>
        <StdOut>native /Users/zhongkaifu/work/TensorSharp/InferenceWeb.Tests/bin/Release/net10.0/libGgmlOps.dylib sha256=337d7e8b22867568a84974822e7353096a7d95a56a103e6d296a48e38699d0e3; backend=GgmlCpu
native /Users/zhongkaifu/work/TensorSharp/InferenceWeb.Tests/bin/Release/net10.0/libGgmlOps.dylib sha256=337d7e8b22867568a84974822e7353096a7d95a56a103e6d296a48e38699d0e3; backend=GgmlCpu
preGrow=False suffix=151 chunked=249 whole=249
preGrow=False suffix=173 chunked=115 whole=115
preGrow=False suffix=193 chunked=169 whole=169
native /Users/zhongkaifu/work/TensorSharp/InferenceWeb.Tests/bin/Release/net10.0/libGgmlOps.dylib sha256=337d7e8b22867568a84974822e7353096a7d95a56a103e6d296a48e38699d0e3; backend=GgmlCpu
native /Users/zhongkaifu/work/TensorSharp/InferenceWeb.Tests/bin/Release/net10.0/libGgmlOps.dylib sha256=337d7e8b22867568a84974822e7353096a7d95a56a103e6d296a48e38699d0e3; backend=GgmlCpu
preGrow=True suffix=151 chunked=249 whole=249
preGrow=True suffix=173 chunked=115 whole=115
preGrow=True suffix=193 chunked=169 whole=169</StdOut>
      </Output>
    </UnitTestResult>
    <UnitTestResult executionId="ebb76f75-0818-44de-af9f-834702b8c94c" testId="7228d1c4-52be-c2ba-5477-b64b38b62de3" testName="InferenceWeb.Tests.Qwen4ExpRetainedCacheTests.Checkpoint_MissingAuthoritativeRecurrentEntryDoesNotPublishStaleHostState" computerName="Zhongkais-MacBook-Pro" duration="00:00:00.0225358" startTime="2026-09-16T10:34:53.3009560-07:00" endTime="2026-09-16T10:34:53.3228860-07:00" testType="13cdc9d9-ddb5-4fa4-a97d-d965ccfc6d4b" outcome="Passed" testListId="8c84fa94-04c1-424b-9868-57a2d4851a1d" relativeResultsDirectory="ebb76f75-0818-44de-af9f-834702b8c94c">
      <Output>
        <StdOut>native /Users/zhongkaifu/work/TensorSharp/InferenceWeb.Tests/bin/Release/net10.0/libGgmlOps.dylib sha256=337d7e8b22867568a84974822e7353096a7d95a56a103e6d296a48e38699d0e3; backend=GgmlCpu</StdOut>
      </Output>
    </UnitTestResult>
    <UnitTestResult executionId="c277942c-581b-42b1-ba6a-84d3420c759f" testId="e5988db4-4058-db4c-35d9-7e8af6eaa38f" testName="InferenceWeb.Tests.Qwen4ExpRetainedCachePolicyTests.Eviction_DropsOldestConversationsFirst_NeverACheckpoint_AndDeclinesWhenNothingFits" computerName="Zhongkais-MacBook-Pro" duration="00:00:00.0023959" startTime="2026-09-16T10:34:54.3795740-07:00" endTime="2026-09-16T10:34:54.3820200-07:00" testType="13cdc9d9-ddb5-4fa4-a97d-d965ccfc6d4b" outcome="Passed" testListId="8c84fa94-04c1-424b-9868-57a2d4851a1d" relativeResultsDirectory="c277942c-581b-42b1-ba6a-84d3420c759f" />
    <UnitTestResult executionId="94e27b97-fa48-4f24-9797-4c2fac301e4c" testId="68a763e7-77ed-03a2-0341-5b8f13384b6c" testName="InferenceWeb.Tests.Qwen4ExpRetainedCachePolicyTests.ZeroBudget_DeclinesWithoutTouchingRetainedHolders" computerName="Zhongkais-MacBook-Pro" duration="00:00:00.0000420" startTime="2026-09-16T10:34:54.3826300-07:00" endTime="2026-09-16T10:34:54.3826380-07:00" testType="13cdc9d9-ddb5-4fa4-a97d-d965ccfc6d4b" outcome="Passed" testListId="8c84fa94-04c1-424b-9868-57a2d4851a1d" relativeResultsDirectory="94e27b97-fa48-4f24-9797-4c2fac301e4c" />
    <UnitTestResult executionId="424fdf1c-8924-484a-866f-0753a6fb24fc" testId="7ec0e6f7-93ec-a33d-5227-1a02a52c4983" testName="InferenceWeb.Tests.Qwen4ExpRetainedCacheTests.DraftHead_SpeculationEngagesOnAReboundHolder_AndMatchesPlainGreedy" computerName="Zhongkais-MacBook-Pro" duration="00:00:00.3847985" startTime="2026-09-16T10:34:53.5698220-07:00" endTime="2026-09-16T10:34:53.9545780-07:00" testType="13cdc9d9-ddb5-4fa4-a97d-d965ccfc6d4b" outcome="Passed" testListId="8c84fa94-04c1-424b-9868-57a2d4851a1d" relativeResultsDirectory="424fdf1c-8924-484a-866f-0753a6fb24fc">
      <Output>
        <StdOut>native /Users/zhongkaifu/work/TensorSharp/InferenceWeb.Tests/bin/Release/net10.0/libGgmlOps.dylib sha256=337d7e8b22867568a84974822e7353096a7d95a56a103e6d296a48e38699d0e3; backend=GgmlCpu
native /Users/zhongkaifu/work/TensorSharp/InferenceWeb.Tests/bin/Release/net10.0/libGgmlOps.dylib sha256=337d7e8b22867568a84974822e7353096a7d95a56a103e6d296a48e38699d0e3; backend=GgmlCpu
turn1=90,90,224,115,224,119,23,115 turn2=200,171,29,38,240,98,200,249,29,29,155,162 drafted=45 accepted=1 verify=17 rollback=17 plain=0</StdOut>
      </Output>
    </UnitTestResult>
    <UnitTestResult executionId="71d9f045-ca18-480b-bd47-4fde126f55f0" testId="bb324b30-f22b-329a-ec4b-b4350d6db2be" testName="InferenceWeb.Tests.Qwen4ExpRetainedCacheTests.RetentionBudget_EvictsTheOldestConversation_AndZeroDeclines" computerName="Zhongkais-MacBook-Pro" duration="00:00:00.2284244" startTime="2026-09-16T10:34:54.1488490-07:00" endTime="2026-09-16T10:34:54.3772580-07:00" testType="13cdc9d9-ddb5-4fa4-a97d-d965ccfc6d4b" outcome="Passed" testListId="8c84fa94-04c1-424b-9868-57a2d4851a1d" relativeResultsDirectory="71d9f045-ca18-480b-bd47-4fde126f55f0">
      <Output>
        <StdOut>native /Users/zhongkaifu/work/TensorSharp/InferenceWeb.Tests/bin/Release/net10.0/libGgmlOps.dylib sha256=337d7e8b22867568a84974822e7353096a7d95a56a103e6d296a48e38699d0e3; backend=GgmlCpu
holder=38912 bytes budget=1 MB capacity=26 holders
native /Users/zhongkaifu/work/TensorSharp/InferenceWeb.Tests/bin/Release/net10.0/libGgmlOps.dylib sha256=337d7e8b22867568a84974822e7353096a7d95a56a103e6d296a48e38699d0e3; backend=GgmlCpu
native /Users/zhongkaifu/work/TensorSharp/InferenceWeb.Tests/bin/Release/net10.0/libGgmlOps.dylib sha256=337d7e8b22867568a84974822e7353096a7d95a56a103e6d296a48e38699d0e3; backend=GgmlCpu</StdOut>
      </Output>
    </UnitTestResult>
    <UnitTestResult executionId="872b4f0f-5ad7-4b38-98a4-0d8e71826c34" testId="9677078a-191f-35de-4c28-cf6e818fbecf" testName="InferenceWeb.Tests.Qwen4ExpRetainedCachePolicyTests.Budget_IncludesRetainedBytes_ClampsToHalfSpare_AndZeroDeclines" computerName="Zhongkais-MacBook-Pro" duration="00:00:00.0000590" startTime="2026-09-16T10:34:54.3825860-07:00" endTime="2026-09-16T10:34:54.3826000-07:00" testType="13cdc9d9-ddb5-4fa4-a97d-d965ccfc6d4b" outcome="Passed" testListId="8c84fa94-04c1-424b-9868-57a2d4851a1d" relativeResultsDirectory="872b4f0f-5ad7-4b38-98a4-0d8e71826c34" />
    <UnitTestResult executionId="de6919ae-f164-47dc-9a64-73ea7a3c820b" testId="996adb2e-621e-df7d-9692-fa287c42648b" testName="InferenceWeb.Tests.Qwen4ExpRetainedCachePolicyTests.DiscardAndTrim_FreeConversationsAndKeepCheckpoints" computerName="Zhongkais-MacBook-Pro" duration="00:00:00.0002209" startTime="2026-09-16T10:34:54.3826670-07:00" endTime="2026-09-16T10:34:54.3826730-07:00" testType="13cdc9d9-ddb5-4fa4-a97d-d965ccfc6d4b" outcome="Passed" testListId="8c84fa94-04c1-424b-9868-57a2d4851a1d" relativeResultsDirectory="de6919ae-f164-47dc-9a64-73ea7a3c820b" />
    <UnitTestResult executionId="e76aa6f4-d7da-4624-bff0-a10c5d8fa251" testId="bcf351c4-8a6a-4752-99b8-7550a8e7142d" testName="InferenceWeb.Tests.Qwen4ExpRetainedCacheTests.SharedPrefixCheckpoint_ClonesEqualColdPrefill_AndTheSourceIsUntouched" computerName="Zhongkais-MacBook-Pro" duration="00:00:00.1940467" startTime="2026-09-16T10:34:53.9559000-07:00" endTime="2026-09-16T10:34:54.1487340-07:00" testType="13cdc9d9-ddb5-4fa4-a97d-d965ccfc6d4b" outcome="Passed" testListId="8c84fa94-04c1-424b-9868-57a2d4851a1d" relativeResultsDirectory="e76aa6f4-d7da-4624-bff0-a10c5d8fa251">
      <Output>
        <StdOut>native /Users/zhongkaifu/work/TensorSharp/InferenceWeb.Tests/bin/Release/net10.0/libGgmlOps.dylib sha256=337d7e8b22867568a84974822e7353096a7d95a56a103e6d296a48e38699d0e3; backend=GgmlCpu
native /Users/zhongkaifu/work/TensorSharp/InferenceWeb.Tests/bin/Release/net10.0/libGgmlOps.dylib sha256=337d7e8b22867568a84974822e7353096a7d95a56a103e6d296a48e38699d0e3; backend=GgmlCpu
checkpoint of 16 tokens cloned twice; clones equal a cold prefill for 3 steps, draft-head state cloned, source unchanged.</StdOut>
      </Output>
    </UnitTestResult>
    <UnitTestResult executionId="9e8c60fb-eaa5-4eae-a101-43b46b603892" testId="4e76885b-d7af-a925-a33a-8fc765fddbb1" testName="InferenceWeb.Tests.Qwen4ExpRetainedCacheTests.LayerSplitCandidate_CloneCorePreservesAllDeviceStateAndFullLogits" computerName="Zhongkais-MacBook-Pro" duration="00:00:00.0010000" startTime="2026-09-16T10:34:53.9547030-07:00" endTime="2026-09-16T10:34:53.9549280-07:00" testType="13cdc9d9-ddb5-4fa4-a97d-d965ccfc6d4b" outcome="NotExecuted" testListId="8c84fa94-04c1-424b-9868-57a2d4851a1d" relativeResultsDirectory="9e8c60fb-eaa5-4eae-a101-43b46b603892">
      <Output>
        <ErrorInfo>
          <Message>Requires an explicitly reserved pair of CUDA GPUs and TS_TEST_QWEN4EXP_LAYER_SPLIT=2.</Message>
        </ErrorInfo>
      </Output>
    </UnitTestResult>
    <UnitTestResult executionId="3156638a-e02a-4beb-839a-0459282bfc52" testId="9857e3cc-458b-85df-3b94-22a7dc331b18" testName="InferenceWeb.Tests.Qwen4ExpRetainedCachePolicyTests.HalfSpareClamp_EvictsEvenUnderAGenerousConfiguredBudget" computerName="Zhongkais-MacBook-Pro" duration="00:00:00.0000788" startTime="2026-09-16T10:34:54.3820910-07:00" endTime="2026-09-16T10:34:54.3821270-07:00" testType="13cdc9d9-ddb5-4fa4-a97d-d965ccfc6d4b" outcome="Passed" testListId="8c84fa94-04c1-424b-9868-57a2d4851a1d" relativeResultsDirectory="3156638a-e02a-4beb-839a-0459282bfc52" />
    <UnitTestResult executionId="8e64c5c7-0d1f-4261-b380-42bd34528f86" testId="d6183be4-c383-dec1-0ff1-5e6ab799a2e3" testName="InferenceWeb.Tests.Qwen4ExpRetainedCacheTests.ReleasedConversation_RebindsAfterAnotherRequest_BitExact_WithQsaHistory" computerName="Zhongkais-MacBook-Pro" duration="00:00:03.4269048" startTime="2026-09-16T10:34:49.8770650-07:00" endTime="2026-09-16T10:34:53.3002390-07:00" testType="13cdc9d9-ddb5-4fa4-a97d-d965ccfc6d4b" outcome="Passed" testListId="8c84fa94-04c1-424b-9868-57a2d4851a1d" relativeResultsDirectory="8e64c5c7-0d1f-4261-b380-42bd34528f86">
      <Output>
        <StdOut>native /Users/zhongkaifu/work/TensorSharp/InferenceWeb.Tests/bin/Release/net10.0/libGgmlOps.dylib sha256=337d7e8b22867568a84974822e7353096a7d95a56a103e6d296a48e38699d0e3; backend=GgmlCpu
native /Users/zhongkaifu/work/TensorSharp/InferenceWeb.Tests/bin/Release/net10.0/libGgmlOps.dylib sha256=337d7e8b22867568a84974822e7353096a7d95a56a103e6d296a48e38699d0e3; backend=GgmlCpu
A-&gt;B-&gt;A rebind: retained 18 tokens, 3 continuation steps bit-exact, QSA history 18 cells carried.</StdOut>
      </Output>
    </UnitTestResult>
    <UnitTestResult executionId="45d3c085-8396-4358-ae8f-e4061c96ae98" testId="29f6a28b-1f52-c7a1-874d-b1a9ffe68e57" testName="InferenceWeb.Tests.Qwen4ExpRetainedCacheTests.Engine_FollowUpReusesRetainedHolder_AndNewChatsCloneTheCheckpoint" computerName="Zhongkais-MacBook-Pro" duration="00:00:01.7877829" startTime="2026-09-16T10:34:48.0816010-07:00" endTime="2026-09-16T10:34:49.8727820-07:00" testType="13cdc9d9-ddb5-4fa4-a97d-d965ccfc6d4b" outcome="Passed" testListId="8c84fa94-04c1-424b-9868-57a2d4851a1d" relativeResultsDirectory="45d3c085-8396-4358-ae8f-e4061c96ae98">
      <Output>
        <StdOut>native /Users/zhongkaifu/work/TensorSharp/InferenceWeb.Tests/bin/Release/net10.0/libGgmlOps.dylib sha256=337d7e8b22867568a84974822e7353096a7d95a56a103e6d296a48e38699d0e3; backend=GgmlCpu
native /Users/zhongkaifu/work/TensorSharp/InferenceWeb.Tests/bin/Release/net10.0/libGgmlOps.dylib sha256=337d7e8b22867568a84974822e7353096a7d95a56a103e6d296a48e38699d0e3; backend=GgmlCpu
A1 out=18,200,74,249,250,224 A2 reused=20 of 23 out=200,235,29,227,163,155
chat-1 out=249,228,162,228,38,155 chat-2 reused=16 out=115,227,227,29,115,230 chat-3 reused=16 out=169,184,119,226,28,28</StdOut>
      </Output>
    </UnitTestResult>
  </Results>
  <TestDefinitions>
    <UnitTest name="InferenceWeb.Tests.Qwen4ExpRetainedCachePolicyTests.DiscardAndTrim_FreeConversationsAndKeepCheckpoints" storage="/users/zhongkaifu/work/tensorsharp/inferenceweb.tests/bin/release/net10.0/inferenceweb.tests.dll" id="996adb2e-621e-df7d-9692-fa287c42648b">
      <Execution id="de6919ae-f164-47dc-9a64-73ea7a3c820b" />
      <TestMethod codeBase="/Users/zhongkaifu/work/TensorSharp/InferenceWeb.Tests/bin/Release/net10.0/InferenceWeb.Tests.dll" adapterTypeName="executor://xunit/VsTestRunner3/netcore/" className="InferenceWeb.Tests.Qwen4ExpRetainedCachePolicyTests" name="DiscardAndTrim_FreeConversationsAndKeepCheckpoints" />
    </UnitTest>
    <UnitTest name="InferenceWeb.Tests.Qwen4ExpRetainedCachePolicyTests.Eviction_DropsOldestConversationsFirst_NeverACheckpoint_AndDeclinesWhenNothingFits" storage="/users/zhongkaifu/work/tensorsharp/inferenceweb.tests/bin/release/net10.0/inferenceweb.tests.dll" id="e5988db4-4058-db4c-35d9-7e8af6eaa38f">
      <Execution id="c277942c-581b-42b1-ba6a-84d3420c759f" />
      <TestMethod codeBase="/Users/zhongkaifu/work/TensorSharp/InferenceWeb.Tests/bin/Release/net10.0/InferenceWeb.Tests.dll" adapterTypeName="executor://xunit/VsTestRunner3/netcore/" className="InferenceWeb.Tests.Qwen4ExpRetainedCachePolicyTests" name="Eviction_DropsOldestConversationsFirst_NeverACheckpoint_AndDeclinesWhenNothingFits" />
    </UnitTest>
    <UnitTest name="InferenceWeb.Tests.Qwen4ExpRetainedCacheTests.Engine_FollowUpReusesRetainedHolder_AndNewChatsCloneTheCheckpoint" storage="/users/zhongkaifu/work/tensorsharp/inferenceweb.tests/bin/release/net10.0/inferenceweb.tests.dll" id="29f6a28b-1f52-c7a1-874d-b1a9ffe68e57">
      <Execution id="45d3c085-8396-4358-ae8f-e4061c96ae98" />
      <TestMethod codeBase="/Users/zhongkaifu/work/TensorSharp/InferenceWeb.Tests/bin/Release/net10.0/InferenceWeb.Tests.dll" adapterTypeName="executor://xunit/VsTestRunner3/netcore/" className="InferenceWeb.Tests.Qwen4ExpRetainedCacheTests" name="Engine_FollowUpReusesRetainedHolder_AndNewChatsCloneTheCheckpoint" />
    </UnitTest>
    <UnitTest name="InferenceWeb.Tests.Qwen4ExpRetainedCachePolicyTests.Qwen4Exp_AdvertisesExactPrefixReuseOnly" storage="/users/zhongkaifu/work/tensorsharp/inferenceweb.tests/bin/release/net10.0/inferenceweb.tests.dll" id="a0c5d962-615d-a885-c709-5b4b048f177c">
      <Execution id="0ce19133-6f5a-4036-b954-0760d23e394a" />
      <TestMethod codeBase="/Users/zhongkaifu/work/TensorSharp/InferenceWeb.Tests/bin/Release/net10.0/InferenceWeb.Tests.dll" adapterTypeName="executor://xunit/VsTestRunner3/netcore/" className="InferenceWeb.Tests.Qwen4ExpRetainedCachePolicyTests" name="Qwen4Exp_AdvertisesExactPrefixReuseOnly" />
    </UnitTest>
    <UnitTest name="InferenceWeb.Tests.Qwen4ExpRetainedCacheTests.Checkpoint_MissingAuthoritativeRecurrentEntryDoesNotPublishStaleHostState" storage="/users/zhongkaifu/work/tensorsharp/inferenceweb.tests/bin/release/net10.0/inferenceweb.tests.dll" id="7228d1c4-52be-c2ba-5477-b64b38b62de3">
      <Execution id="ebb76f75-0818-44de-af9f-834702b8c94c" />
      <TestMethod codeBase="/Users/zhongkaifu/work/TensorSharp/InferenceWeb.Tests/bin/Release/net10.0/InferenceWeb.Tests.dll" adapterTypeName="executor://xunit/VsTestRunner3/netcore/" className="InferenceWeb.Tests.Qwen4ExpRetainedCacheTests" name="Checkpoint_MissingAuthoritativeRecurrentEntryDoesNotPublishStaleHostState" />
    </UnitTest>
    <UnitTest name="InferenceWeb.Tests.Qwen4ExpRetainedCachePolicyTests.ZeroBudget_DeclinesWithoutTouchingRetainedHolders" storage="/users/zhongkaifu/work/tensorsharp/inferenceweb.tests/bin/release/net10.0/inferenceweb.tests.dll" id="68a763e7-77ed-03a2-0341-5b8f13384b6c">
      <Execution id="94e27b97-fa48-4f24-9797-4c2fac301e4c" />
      <TestMethod codeBase="/Users/zhongkaifu/work/TensorSharp/InferenceWeb.Tests/bin/Release/net10.0/InferenceWeb.Tests.dll" adapterTypeName="executor://xunit/VsTestRunner3/netcore/" className="InferenceWeb.Tests.Qwen4ExpRetainedCachePolicyTests" name="ZeroBudget_DeclinesWithoutTouchingRetainedHolders" />
    </UnitTest>
    <UnitTest name="InferenceWeb.Tests.Qwen4ExpRetainedCacheTests.SharedPrefixCheckpoint_ClonesEqualColdPrefill_AndTheSourceIsUntouched" storage="/users/zhongkaifu/work/tensorsharp/inferenceweb.tests/bin/release/net10.0/inferenceweb.tests.dll" id="bcf351c4-8a6a-4752-99b8-7550a8e7142d">
      <Execution id="e76aa6f4-d7da-4624-bff0-a10c5d8fa251" />
      <TestMethod codeBase="/Users/zhongkaifu/work/TensorSharp/InferenceWeb.Tests/bin/Release/net10.0/InferenceWeb.Tests.dll" adapterTypeName="executor://xunit/VsTestRunner3/netcore/" className="InferenceWeb.Tests.Qwen4ExpRetainedCacheTests" name="SharedPrefixCheckpoint_ClonesEqualColdPrefill_AndTheSourceIsUntouched" />
    </UnitTest>
    <UnitTest name="InferenceWeb.Tests.Qwen4ExpRetainedCachePolicyTests.HalfSpareClamp_EvictsEvenUnderAGenerousConfiguredBudget" storage="/users/zhongkaifu/work/tensorsharp/inferenceweb.tests/bin/release/net10.0/inferenceweb.tests.dll" id="9857e3cc-458b-85df-3b94-22a7dc331b18">
      <Execution id="3156638a-e02a-4beb-839a-0459282bfc52" />
      <TestMethod codeBase="/Users/zhongkaifu/work/TensorSharp/InferenceWeb.Tests/bin/Release/net10.0/InferenceWeb.Tests.dll" adapterTypeName="executor://xunit/VsTestRunner3/netcore/" className="InferenceWeb.Tests.Qwen4ExpRetainedCachePolicyTests" name="HalfSpareClamp_EvictsEvenUnderAGenerousConfiguredBudget" />
    </UnitTest>
    <UnitTest name="InferenceWeb.Tests.Qwen4ExpRetainedCacheTests.DraftHead_SpeculationEngagesOnAReboundHolder_AndMatchesPlainGreedy" storage="/users/zhongkaifu/work/tensorsharp/inferenceweb.tests/bin/release/net10.0/inferenceweb.tests.dll" id="7ec0e6f7-93ec-a33d-5227-1a02a52c4983">
      <Execution id="424fdf1c-8924-484a-866f-0753a6fb24fc" />
      <TestMethod codeBase="/Users/zhongkaifu/work/TensorSharp/InferenceWeb.Tests/bin/Release/net10.0/InferenceWeb.Tests.dll" adapterTypeName="executor://xunit/VsTestRunner3/netcore/" className="InferenceWeb.Tests.Qwen4ExpRetainedCacheTests" name="DraftHead_SpeculationEngagesOnAReboundHolder_AndMatchesPlainGreedy" />
    </UnitTest>
    <UnitTest name="InferenceWeb.Tests.Qwen4ExpRetainedCacheTests.LayerSplitCandidate_CloneCorePreservesAllDeviceStateAndFullLogits" storage="/users/zhongkaifu/work/tensorsharp/inferenceweb.tests/bin/release/net10.0/inferenceweb.tests.dll" id="4e76885b-d7af-a925-a33a-8fc765fddbb1">
      <Execution id="9e8c60fb-eaa5-4eae-a101-43b46b603892" />
      <TestMethod codeBase="/Users/zhongkaifu/work/TensorSharp/InferenceWeb.Tests/bin/Release/net10.0/InferenceWeb.Tests.dll" adapterTypeName="executor://xunit/VsTestRunner3/netcore/" className="InferenceWeb.Tests.Qwen4ExpRetainedCacheTests" name="LayerSplitCandidate_CloneCorePreservesAllDeviceStateAndFullLogits" />
    </UnitTest>
    <UnitTest name="InferenceWeb.Tests.Qwen4ExpRetainedCacheTests.RetentionBudget_EvictsTheOldestConversation_AndZeroDeclines" storage="/users/zhongkaifu/work/tensorsharp/inferenceweb.tests/bin/release/net10.0/inferenceweb.tests.dll" id="bb324b30-f22b-329a-ec4b-b4350d6db2be">
      <Execution id="71d9f045-ca18-480b-bd47-4fde126f55f0" />
      <TestMethod codeBase="/Users/zhongkaifu/work/TensorSharp/InferenceWeb.Tests/bin/Release/net10.0/InferenceWeb.Tests.dll" adapterTypeName="executor://xunit/VsTestRunner3/netcore/" className="InferenceWeb.Tests.Qwen4ExpRetainedCacheTests" name="RetentionBudget_EvictsTheOldestConversation_AndZeroDeclines" />
    </UnitTest>
    <UnitTest name="InferenceWeb.Tests.Qwen4ExpRetainedCacheTests.ReleasedConversation_RebindsAfterAnotherRequest_BitExact_WithQsaHistory" storage="/users/zhongkaifu/work/tensorsharp/inferenceweb.tests/bin/release/net10.0/inferenceweb.tests.dll" id="d6183be4-c383-dec1-0ff1-5e6ab799a2e3">
      <Execution id="8e64c5c7-0d1f-4261-b380-42bd34528f86" />
      <TestMethod codeBase="/Users/zhongkaifu/work/TensorSharp/InferenceWeb.Tests/bin/Release/net10.0/InferenceWeb.Tests.dll" adapterTypeName="executor://xunit/VsTestRunner3/netcore/" className="InferenceWeb.Tests.Qwen4ExpRetainedCacheTests" name="ReleasedConversation_RebindsAfterAnotherRequest_BitExact_WithQsaHistory" />
    </UnitTest>
    <UnitTest name="InferenceWeb.Tests.Qwen4ExpRetainedCachePolicyTests.Budget_IncludesRetainedBytes_ClampsToHalfSpare_AndZeroDeclines" storage="/users/zhongkaifu/work/tensorsharp/inferenceweb.tests/bin/release/net10.0/inferenceweb.tests.dll" id="9677078a-191f-35de-4c28-cf6e818fbecf">
      <Execution id="872b4f0f-5ad7-4b38-98a4-0d8e71826c34" />
      <TestMethod codeBase="/Users/zhongkaifu/work/TensorSharp/InferenceWeb.Tests/bin/Release/net10.0/InferenceWeb.Tests.dll" adapterTypeName="executor://xunit/VsTestRunner3/netcore/" className="InferenceWeb.Tests.Qwen4ExpRetainedCachePolicyTests" name="Budget_IncludesRetainedBytes_ClampsToHalfSpare_AndZeroDeclines" />
    </UnitTest>
    <UnitTest name="InferenceWeb.Tests.Qwen4ExpRetainedCacheTests.SharedPrefixChunking_MatchesWholePromptForEachDistinctSuffix" storage="/users/zhongkaifu/work/tensorsharp/inferenceweb.tests/bin/release/net10.0/inferenceweb.tests.dll" id="d7ae0da4-feb7-ab0a-f656-37f0da54095a">
      <Execution id="f58c7599-1052-4fb4-8a2f-e1cfc356a557" />
      <TestMethod codeBase="/Users/zhongkaifu/work/TensorSharp/InferenceWeb.Tests/bin/Release/net10.0/InferenceWeb.Tests.dll" adapterTypeName="executor://xunit/VsTestRunner3/netcore/" className="InferenceWeb.Tests.Qwen4ExpRetainedCacheTests" name="SharedPrefixChunking_MatchesWholePromptForEachDistinctSuffix" />
    </UnitTest>
  </TestDefinitions>
  <TestEntries>
    <TestEntry testId="a0c5d962-615d-a885-c709-5b4b048f177c" executionId="0ce19133-6f5a-4036-b954-0760d23e394a" testListId="8c84fa94-04c1-424b-9868-57a2d4851a1d" />
    <TestEntry testId="d7ae0da4-feb7-ab0a-f656-37f0da54095a" executionId="f58c7599-1052-4fb4-8a2f-e1cfc356a557" testListId="8c84fa94-04c1-424b-9868-57a2d4851a1d" />
    <TestEntry testId="7228d1c4-52be-c2ba-5477-b64b38b62de3" executionId="ebb76f75-0818-44de-af9f-834702b8c94c" testListId="8c84fa94-04c1-424b-9868-57a2d4851a1d" />
    <TestEntry testId="e5988db4-4058-db4c-35d9-7e8af6eaa38f" executionId="c277942c-581b-42b1-ba6a-84d3420c759f" testListId="8c84fa94-04c1-424b-9868-57a2d4851a1d" />
    <TestEntry testId="68a763e7-77ed-03a2-0341-5b8f13384b6c" executionId="94e27b97-fa48-4f24-9797-4c2fac301e4c" testListId="8c84fa94-04c1-424b-9868-57a2d4851a1d" />
    <TestEntry testId="7ec0e6f7-93ec-a33d-5227-1a02a52c4983" executionId="424fdf1c-8924-484a-866f-0753a6fb24fc" testListId="8c84fa94-04c1-424b-9868-57a2d4851a1d" />
    <TestEntry testId="bb324b30-f22b-329a-ec4b-b4350d6db2be" executionId="71d9f045-ca18-480b-bd47-4fde126f55f0" testListId="8c84fa94-04c1-424b-9868-57a2d4851a1d" />
    <TestEntry testId="9677078a-191f-35de-4c28-cf6e818fbecf" executionId="872b4f0f-5ad7-4b38-98a4-0d8e71826c34" testListId="8c84fa94-04c1-424b-9868-57a2d4851a1d" />
    <TestEntry testId="996adb2e-621e-df7d-9692-fa287c42648b" executionId="de6919ae-f164-47dc-9a64-73ea7a3c820b" testListId="8c84fa94-04c1-424b-9868-57a2d4851a1d" />
    <TestEntry testId="bcf351c4-8a6a-4752-99b8-7550a8e7142d" executionId="e76aa6f4-d7da-4624-bff0-a10c5d8fa251" testListId="8c84fa94-04c1-424b-9868-57a2d4851a1d" />
    <TestEntry testId="4e76885b-d7af-a925-a33a-8fc765fddbb1" executionId="9e8c60fb-eaa5-4eae-a101-43b46b603892" testListId="8c84fa94-04c1-424b-9868-57a2d4851a1d" />
    <TestEntry testId="9857e3cc-458b-85df-3b94-22a7dc331b18" executionId="3156638a-e02a-4beb-839a-0459282bfc52" testListId="8c84fa94-04c1-424b-9868-57a2d4851a1d" />
    <TestEntry testId="d6183be4-c383-dec1-0ff1-5e6ab799a2e3" executionId="8e64c5c7-0d1f-4261-b380-42bd34528f86" testListId="8c84fa94-04c1-424b-9868-57a2d4851a1d" />
    <TestEntry testId="29f6a28b-1f52-c7a1-874d-b1a9ffe68e57" executionId="45d3c085-8396-4358-ae8f-e4061c96ae98" testListId="8c84fa94-04c1-424b-9868-57a2d4851a1d" />
  </TestEntries>
  <TestLists>
    <TestList name="Results Not in a List" id="8c84fa94-04c1-424b-9868-57a2d4851a1d" />
    <TestList name="All Loaded Results" id="19431567-8539-422a-85d7-44ee4e166bda" />
  </TestLists>
  <ResultSummary outcome="Completed">
    <Counters total="14" executed="13" passed="13" failed="0" error="0" timeout="0" aborted="0" inconclusive="0" passedButRunAborted="0" notRunnable="0" notExecuted="0" disconnected="0" warning="0" completed="0" inProgress="0" pending="0" />
    <Output>
      <StdOut>[xUnit.net 00:00:00.00] xUnit.net VSTest Adapter v3.1.4+50e68bbb8b (64-bit .NET 10.0.10)
[xUnit.net 00:00:00.06]   Discovering: InferenceWeb.Tests
[xUnit.net 00:00:00.36]   Discovered:  InferenceWeb.Tests
[xUnit.net 00:00:00.37]   Starting:    InferenceWeb.Tests
Backend: GgmlCpu
Model: qwen4exp, Layers=2, Hidden=8, Heads=4, KVHeads=2, HeadDim=8, Vocab=260
  hyper-connections: count=4 lowRank=3 (residual is 32 wide)
  experts=4 used=2 ff=6 sharedFf=5
  GDN layers=1/2, QSA indexer heads=1 dim=8 topK=8
  PLE: layers=[0] ngram=2 heads=1 headDim=8
Loading model weights... done (57 F32 tensors, 24 quantized tensors)
  Quantized: 0 MB (0 MB file-backed), F32: 0 MB
Context length: using GGUF metadata qwen4exp.context_length=1024.
  Qwen4Exp shared MTP ready: block=2, features=32, draftCompression=0, privateKV=F16, device=0, mappedBytes=10336.
Backend: GgmlCpu
Model: qwen4exp, Layers=2, Hidden=8, Heads=4, KVHeads=2, HeadDim=8, Vocab=260
  hyper-connections: count=4 lowRank=3 (residual is 32 wide)
  experts=4 used=2 ff=6 sharedFf=5
  GDN layers=1/2, QSA indexer heads=1 dim=8 topK=8
  PLE: layers=[0] ngram=2 heads=1 headDim=8
Loading model weights... done (57 F32 tensors, 24 quantized tensors)
  Quantized: 0 MB (0 MB file-backed), F32: 0 MB
Context length: using GGUF metadata qwen4exp.context_length=1024.
  Qwen4Exp shared MTP ready: block=2, features=32, draftCompression=0, privateKV=F16, device=0, mappedBytes=10336.
Backend: GgmlCpu
Model: qwen4exp, Layers=2, Hidden=8, Heads=4, KVHeads=2, HeadDim=8, Vocab=260
  hyper-connections: count=4 lowRank=3 (residual is 32 wide)
  experts=4 used=2 ff=6 sharedFf=5
  GDN layers=1/2, QSA indexer heads=1 dim=8 topK=8
  PLE: layers=[0] ngram=2 heads=1 headDim=8
Loading model weights... done (57 F32 tensors, 24 quantized tensors)
  Quantized: 0 MB (0 MB file-backed), F32: 0 MB
Context length: using GGUF metadata qwen4exp.context_length=1024.
  Qwen4Exp shared MTP ready: block=2, features=32, draftCompression=0, privateKV=F16, device=0, mappedBytes=10336.
Backend: GgmlCpu
Model: qwen4exp, Layers=2, Hidden=8, Heads=4, KVHeads=2, HeadDim=8, Vocab=260
  hyper-connections: count=4 lowRank=3 (residual is 32 wide)
  experts=4 used=2 ff=6 sharedFf=5
  GDN layers=1/2, QSA indexer heads=1 dim=8 topK=8
  PLE: layers=[0] ngram=2 heads=1 headDim=8
Loading model weights... done (57 F32 tensors, 24 quantized tensors)
  Quantized: 0 MB (0 MB file-backed), F32: 0 MB
Context length: using GGUF metadata qwen4exp.context_length=1024.
  Qwen4Exp shared MTP ready: block=2, features=32, draftCompression=0, privateKV=F16, device=0, mappedBytes=10336.
Backend: GgmlCpu
Model: qwen4exp, Layers=2, Hidden=8, Heads=4, KVHeads=2, HeadDim=8, Vocab=260
  hyper-connections: count=4 lowRank=3 (residual is 32 wide)
  experts=4 used=2 ff=6 sharedFf=5
  GDN layers=1/2, QSA indexer heads=1 dim=8 topK=8
  PLE: layers=[0] ngram=2 heads=1 headDim=8
Loading model weights... done (57 F32 tensors, 24 quantized tensors)
  Quantized: 0 MB (0 MB file-backed), F32: 0 MB
Context length: using GGUF metadata qwen4exp.context_length=1024.
  Qwen4Exp shared MTP ready: block=2, features=32, draftCompression=0, privateKV=F16, device=0, mappedBytes=10336.
Backend: GgmlCpu
Model: qwen4exp, Layers=2, Hidden=8, Heads=4, KVHeads=2, HeadDim=8, Vocab=260
  hyper-connections: count=4 lowRank=3 (residual is 32 wide)
  experts=4 used=2 ff=6 sharedFf=5
  GDN layers=1/2, QSA indexer heads=1 dim=8 topK=8
  PLE: layers=[0] ngram=2 heads=1 headDim=8
Loading model weights... done (57 F32 tensors, 24 quantized tensors)
  Quantized: 0 MB (0 MB file-backed), F32: 0 MB
Context length: using GGUF metadata qwen4exp.context_length=1024.
  Qwen4Exp shared MTP ready: block=2, features=32, draftCompression=0, privateKV=F16, device=0, mappedBytes=10336.
Backend: GgmlCpu
Model: qwen4exp, Layers=2, Hidden=8, Heads=4, KVHeads=2, HeadDim=8, Vocab=260
  hyper-connections: count=4 lowRank=3 (residual is 32 wide)
  experts=4 used=2 ff=6 sharedFf=5
  GDN layers=1/2, QSA indexer heads=1 dim=8 topK=8
  PLE: layers=[0] ngram=2 heads=1 headDim=8
Loading model weights... done (57 F32 tensors, 24 quantized tensors)
  Quantized: 0 MB (0 MB file-backed), F32: 0 MB
Context length: using GGUF metadata qwen4exp.context_length=1024.
  Qwen4Exp shared MTP ready: block=2, features=32, draftCompression=0, privateKV=F16, device=0, mappedBytes=10336.
Backend: GgmlCpu
Model: qwen4exp, Layers=2, Hidden=8, Heads=4, KVHeads=2, HeadDim=8, Vocab=260
  hyper-connections: count=4 lowRank=3 (residual is 32 wide)
  experts=4 used=2 ff=6 sharedFf=5
  GDN layers=1/2, QSA indexer heads=1 dim=8 topK=8
  PLE: layers=[0] ngram=2 heads=1 headDim=8
Loading model weights... done (57 F32 tensors, 24 quantized tensors)
  Quantized: 0 MB (0 MB file-backed), F32: 0 MB
Context length: using GGUF metadata qwen4exp.context_length=1024.
  Qwen4Exp shared MTP ready: block=2, features=32, draftCompression=0, privateKV=F16, device=0, mappedBytes=10336.
Backend: GgmlCpu
Model: qwen4exp, Layers=2, Hidden=8, Heads=4, KVHeads=2, HeadDim=8, Vocab=260
  hyper-connections: count=4 lowRank=3 (residual is 32 wide)
  experts=4 used=2 ff=6 sharedFf=5
  GDN layers=1/2, QSA indexer heads=1 dim=8 topK=8
  PLE: layers=[0] ngram=2 heads=1 headDim=8
Loading model weights... done (57 F32 tensors, 24 quantized tensors)
  Quantized: 0 MB (0 MB file-backed), F32: 0 MB
Context length: using GGUF metadata qwen4exp.context_length=1024.
  Qwen4Exp shared MTP ready: block=2, features=32, draftCompression=0, privateKV=F16, device=0, mappedBytes=10336.
Backend: GgmlCpu
Model: qwen4exp, Layers=2, Hidden=8, Heads=4, KVHeads=2, HeadDim=8, Vocab=260
  hyper-connections: count=4 lowRank=3 (residual is 32 wide)
  experts=4 used=2 ff=6 sharedFf=5
  GDN layers=1/2, QSA indexer heads=1 dim=8 topK=8
  PLE: layers=[0] ngram=2 heads=1 headDim=8
Loading model weights... done (57 F32 tensors, 24 quantized tensors)
  Quantized: 0 MB (0 MB file-backed), F32: 0 MB
Context length: using GGUF metadata qwen4exp.context_length=1024.
  Qwen4Exp shared MTP ready: block=2, features=32, draftCompression=0, privateKV=F16, device=0, mappedBytes=10336.
Backend: GgmlCpu
Model: qwen4exp, Layers=2, Hidden=8, Heads=4, KVHeads=2, HeadDim=8, Vocab=260
  hyper-connections: count=4 lowRank=3 (residual is 32 wide)
  experts=4 used=2 ff=6 sharedFf=5
  GDN layers=1/2, QSA indexer heads=1 dim=8 topK=8
  PLE: layers=[0] ngram=2 heads=1 headDim=8
Loading model weights... done (57 F32 tensors, 24 quantized tensors)
  Quantized: 0 MB (0 MB file-backed), F32: 0 MB
Context length: using GGUF metadata qwen4exp.context_length=1024.
  Qwen4Exp shared MTP ready: block=2, features=32, draftCompression=0, privateKV=F16, device=0, mappedBytes=10336.
Backend: GgmlCpu
[xUnit.net 00:00:06.25]       Requires an explicitly reserved pair of CUDA GPUs and TS_TEST_QWEN4EXP_LAYER_SPLIT=2.
Model: qwen4exp, Layers=2, Hidden=8, Heads=4, KVHeads=2, HeadDim=8, Vocab=260
  hyper-connections: count=4 lowRank=3 (residual is 32 wide)
  experts=4 used=2 ff=6 sharedFf=5
  GDN layers=1/2, QSA indexer heads=1 dim=8 topK=8
  PLE: layers=[0] ngram=2 heads=1 headDim=8
Loading model weights... done (57 F32 tensors, 24 quantized tensors)
  Quantized: 0 MB (0 MB file-backed), F32: 0 MB
Context length: using GGUF metadata qwen4exp.context_length=1024.
  Qwen4Exp shared MTP ready: block=2, features=32, draftCompression=0, privateKV=F16, device=0, mappedBytes=10336.
Backend: GgmlCpu
Model: qwen4exp, Layers=2, Hidden=8, Heads=4, KVHeads=2, HeadDim=8, Vocab=260
  hyper-connections: count=4 lowRank=3 (residual is 32 wide)
  experts=4 used=2 ff=6 sharedFf=5
  GDN layers=1/2, QSA indexer heads=1 dim=8 topK=8
  PLE: layers=[0] ngram=2 heads=1 headDim=8
Loading model weights... done (57 F32 tensors, 24 quantized tensors)
  Quantized: 0 MB (0 MB file-backed), F32: 0 MB
Context length: using GGUF metadata qwen4exp.context_length=1024.
  Qwen4Exp shared MTP ready: block=2, features=32, draftCompression=0, privateKV=F16, device=0, mappedBytes=10336.
Backend: GgmlCpu
Model: qwen4exp, Layers=2, Hidden=8, Heads=4, KVHeads=2, HeadDim=8, Vocab=260
  hyper-connections: count=4 lowRank=3 (residual is 32 wide)
  experts=4 used=2 ff=6 sharedFf=5
  GDN layers=1/2, QSA indexer heads=1 dim=8 topK=8
  PLE: layers=[0] ngram=2 heads=1 headDim=8
Loading model weights... done (57 F32 tensors, 24 quantized tensors)
  Quantized: 0 MB (0 MB file-backed), F32: 0 MB
Context length: using GGUF metadata qwen4exp.context_length=1024.
  Qwen4Exp shared MTP ready: block=2, features=32, draftCompression=0, privateKV=F16, device=0, mappedBytes=10336.
Backend: GgmlCpu
Model: qwen4exp, Layers=2, Hidden=8, Heads=4, KVHeads=2, HeadDim=8, Vocab=260
  hyper-connections: count=4 lowRank=3 (residual is 32 wide)
  experts=4 used=2 ff=6 sharedFf=5
  GDN layers=1/2, QSA indexer heads=1 dim=8 topK=8
  PLE: layers=[0] ngram=2 heads=1 headDim=8
Loading model weights... done (57 F32 tensors, 24 quantized tensors)
  Quantized: 0 MB (0 MB file-backed), F32: 0 MB
Context length: using GGUF metadata qwen4exp.context_length=1024.
  Qwen4Exp shared MTP ready: block=2, features=32, draftCompression=0, privateKV=F16, device=0, mappedBytes=10336.
[q4e retained] evicting conv-0 (0.0 MB) for retaining conversation conv-26
Backend: GgmlCpu
Model: qwen4exp, Layers=2, Hidden=8, Heads=4, KVHeads=2, HeadDim=8, Vocab=260
  hyper-connections: count=4 lowRank=3 (residual is 32 wide)
  experts=4 used=2 ff=6 sharedFf=5
  GDN layers=1/2, QSA indexer heads=1 dim=8 topK=8
  PLE: layers=[0] ngram=2 heads=1 headDim=8
Loading model weights... done (57 F32 tensors, 24 quantized tensors)
  Quantized: 0 MB (0 MB file-backed), F32: 0 MB
Context length: using GGUF metadata qwen4exp.context_length=1024.
  Qwen4Exp shared MTP ready: block=2, features=32, draftCompression=0, privateKV=F16, device=0, mappedBytes=10336.
[q4e retained] declined retaining conversation declined: 0.0 MB does not fit the retention budget (TS_Q4E_RETAINED_CACHE_MB=0 MB, retained 0.0 MB, headroom 45859 MB); that request re-prefills. Reported once.
[q4e retained] evicting older (0.0 MB) for test
[q4e retained] evicting newer (0.0 MB) for test
[q4e retained] declined test: 0.0 MB does not fit the retention budget (TS_Q4E_RETAINED_CACHE_MB=0 MB, retained 0.0 MB, headroom 8796093022208 MB); that request re-prefills. Reported once.
[q4e retained] evicting first (0.0 MB) for test
[q4e retained] declined test: 0.0 MB does not fit the retention budget (TS_Q4E_RETAINED_CACHE_MB=0 MB, retained 0.0 MB, headroom 8796093022208 MB); that request re-prefills. Reported once.
[memory] Qwen4Exp: freed 1 retained conversation holder(s)
Test 'InferenceWeb.Tests.Qwen4ExpRetainedCacheTests.LayerSplitCandidate_CloneCorePreservesAllDeviceStateAndFullLogits' was skipped in the test run.
[xUnit.net 00:00:06.68]   Finished:    InferenceWeb.Tests
</StdOut>
    </Output>
    <RunInfos>
      <RunInfo computerName="Zhongkais-MacBook-Pro" outcome="Warning" timestamp="2026-09-16T10:34:53.9555840-07:00">
        <Text>[xUnit.net 00:00:06.25]     InferenceWeb.Tests.Qwen4ExpRetainedCacheTests.LayerSplitCandidate_CloneCorePreservesAllDeviceStateAndFullLogits [SKIP]</Text>
      </RunInfo>
    </RunInfos>
  </ResultSummary>
</TestRun>